Archive member included to satisfy reference by file (symbol)

C:/applications/STM32CubeIDE_1.15.1/STM32CubeIDE/plugins/com.st.stm32cube.ide.mcu.externaltools.gnu-tools-for-stm32.12.3.rel1.win32_1.0.100.202403111256/tools/bin/../lib/gcc/arm-none-eabi/12.3.1/../../../../arm-none-eabi/lib/thumb/v7e-m+fp/hard\libc_nano.a(libc_a-exit.o)
                              C:/applications/STM32CubeIDE_1.15.1/STM32CubeIDE/plugins/com.st.stm32cube.ide.mcu.externaltools.gnu-tools-for-stm32.12.3.rel1.win32_1.0.100.202403111256/tools/bin/../lib/gcc/arm-none-eabi/12.3.1/../../../../arm-none-eabi/lib/thumb/v7e-m+fp/hard/crt0.o (exit)
C:/applications/STM32CubeIDE_1.15.1/STM32CubeIDE/plugins/com.st.stm32cube.ide.mcu.externaltools.gnu-tools-for-stm32.12.3.rel1.win32_1.0.100.202403111256/tools/bin/../lib/gcc/arm-none-eabi/12.3.1/../../../../arm-none-eabi/lib/thumb/v7e-m+fp/hard\libc_nano.a(libc_a-findfp.o)
                              C:/applications/STM32CubeIDE_1.15.1/STM32CubeIDE/plugins/com.st.stm32cube.ide.mcu.externaltools.gnu-tools-for-stm32.12.3.rel1.win32_1.0.100.202403111256/tools/bin/../lib/gcc/arm-none-eabi/12.3.1/../../../../arm-none-eabi/lib/thumb/v7e-m+fp/hard\libc_nano.a(libc_a-exit.o) (__stdio_exit_handler)
C:/applications/STM32CubeIDE_1.15.1/STM32CubeIDE/plugins/com.st.stm32cube.ide.mcu.externaltools.gnu-tools-for-stm32.12.3.rel1.win32_1.0.100.202403111256/tools/bin/../lib/gcc/arm-none-eabi/12.3.1/../../../../arm-none-eabi/lib/thumb/v7e-m+fp/hard\libc_nano.a(libc_a-fwalk.o)
                              C:/applications/STM32CubeIDE_1.15.1/STM32CubeIDE/plugins/com.st.stm32cube.ide.mcu.externaltools.gnu-tools-for-stm32.12.3.rel1.win32_1.0.100.202403111256/tools/bin/../lib/gcc/arm-none-eabi/12.3.1/../../../../arm-none-eabi/lib/thumb/v7e-m+fp/hard\libc_nano.a(libc_a-findfp.o) (_fwalk_sglue)
C:/applications/STM32CubeIDE_1.15.1/STM32CubeIDE/plugins/com.st.stm32cube.ide.mcu.externaltools.gnu-tools-for-stm32.12.3.rel1.win32_1.0.100.202403111256/tools/bin/../lib/gcc/arm-none-eabi/12.3.1/../../../../arm-none-eabi/lib/thumb/v7e-m+fp/hard\libc_nano.a(libc_a-stdio.o)
                              C:/applications/STM32CubeIDE_1.15.1/STM32CubeIDE/plugins/com.st.stm32cube.ide.mcu.externaltools.gnu-tools-for-stm32.12.3.rel1.win32_1.0.100.202403111256/tools/bin/../lib/gcc/arm-none-eabi/12.3.1/../../../../arm-none-eabi/lib/thumb/v7e-m+fp/hard\libc_nano.a(libc_a-findfp.o) (__sread)
C:/applications/STM32CubeIDE_1.15.1/STM32CubeIDE/plugins/com.st.stm32cube.ide.mcu.externaltools.gnu-tools-for-stm32.12.3.rel1.win32_1.0.100.202403111256/tools/bin/../lib/gcc/arm-none-eabi/12.3.1/../../../../arm-none-eabi/lib/thumb/v7e-m+fp/hard\libc_nano.a(libc_a-memset.o)
                              C:/applications/STM32CubeIDE_1.15.1/STM32CubeIDE/plugins/com.st.stm32cube.ide.mcu.externaltools.gnu-tools-for-stm32.12.3.rel1.win32_1.0.100.202403111256/tools/bin/../lib/gcc/arm-none-eabi/12.3.1/../../../../arm-none-eabi/lib/thumb/v7e-m+fp/hard/crt0.o (memset)
C:/applications/STM32CubeIDE_1.15.1/STM32CubeIDE/plugins/com.st.stm32cube.ide.mcu.externaltools.gnu-tools-for-stm32.12.3.rel1.win32_1.0.100.202403111256/tools/bin/../lib/gcc/arm-none-eabi/12.3.1/../../../../arm-none-eabi/lib/thumb/v7e-m+fp/hard\libc_nano.a(libc_a-closer.o)
                              C:/applications/STM32CubeIDE_1.15.1/STM32CubeIDE/plugins/com.st.stm32cube.ide.mcu.externaltools.gnu-tools-for-stm32.12.3.rel1.win32_1.0.100.202403111256/tools/bin/../lib/gcc/arm-none-eabi/12.3.1/../../../../arm-none-eabi/lib/thumb/v7e-m+fp/hard\libc_nano.a(libc_a-stdio.o) (_close_r)
C:/applications/STM32CubeIDE_1.15.1/STM32CubeIDE/plugins/com.st.stm32cube.ide.mcu.externaltools.gnu-tools-for-stm32.12.3.rel1.win32_1.0.100.202403111256/tools/bin/../lib/gcc/arm-none-eabi/12.3.1/../../../../arm-none-eabi/lib/thumb/v7e-m+fp/hard\libc_nano.a(libc_a-reent.o)
                              C:/applications/STM32CubeIDE_1.15.1/STM32CubeIDE/plugins/com.st.stm32cube.ide.mcu.externaltools.gnu-tools-for-stm32.12.3.rel1.win32_1.0.100.202403111256/tools/bin/../lib/gcc/arm-none-eabi/12.3.1/../../../../arm-none-eabi/lib/thumb/v7e-m+fp/hard\libc_nano.a(libc_a-closer.o) (errno)
C:/applications/STM32CubeIDE_1.15.1/STM32CubeIDE/plugins/com.st.stm32cube.ide.mcu.externaltools.gnu-tools-for-stm32.12.3.rel1.win32_1.0.100.202403111256/tools/bin/../lib/gcc/arm-none-eabi/12.3.1/../../../../arm-none-eabi/lib/thumb/v7e-m+fp/hard\libc_nano.a(libc_a-impure.o)
                              C:/applications/STM32CubeIDE_1.15.1/STM32CubeIDE/plugins/com.st.stm32cube.ide.mcu.externaltools.gnu-tools-for-stm32.12.3.rel1.win32_1.0.100.202403111256/tools/bin/../lib/gcc/arm-none-eabi/12.3.1/../../../../arm-none-eabi/lib/thumb/v7e-m+fp/hard\libc_nano.a(libc_a-reent.o) (_impure_ptr)
[...]
Memory Configuration

Name             Origin             Length             Attributes
RAM              0x20000000         0x00020000         xrw
FLASH            0x08000000         0x00080000         xr
*default*        0x00000000         0xffffffff

Linker script and memory map

LOAD C:/applications/STM32CubeIDE_1.15.1/STM32CubeIDE/plugins/com.st.stm32cube.ide.mcu.externaltools.gnu-tools-for-stm32.12.3.rel1.win32_1.0.100.202403111256/tools/bin/../lib/gcc/arm-none-eabi/12.3.1/thumb/v7e-m+fp/hard/crti.o
LOAD C:/applications/STM32CubeIDE_1.15.1/STM32CubeIDE/plugins/com.st.stm32cube.ide.mcu.externaltools.gnu-tools-for-stm32.12.3.rel1.win32_1.0.100.202403111256/tools/bin/../lib/gcc/arm-none-eabi/12.3.1/thumb/v7e-m+fp/hard/crtbegin.o
LOAD C:/applications/STM32CubeIDE_1.15.1/STM32CubeIDE/plugins/com.st.stm32cube.ide.mcu.externaltools.gnu-tools-for-stm32.12.3.rel1.win32_1.0.100.202403111256/tools/bin/../lib/gcc/arm-none-eabi/12.3.1/../../../../arm-none-eabi/lib/thumb/v7e-m+fp/hard/crt0.o
LOAD ./Core/Src/main.o
LOAD ./Core/Src/motor.o
LOAD ./Core/Src/stm32f4xx_hal_msp.o
LOAD ./Core/Src/stm32f4xx_it.o
LOAD ./Core/Src/syscalls.o
LOAD ./Core/Src/sysmem.o
LOAD ./Core/Src/system_stm32f4xx.o
LOAD ./Core/Startup/startup_stm32f446vetx.o
LOAD ./Drivers/STM32F4xx_HAL_Driver/Src/stm32f4xx_hal.o
LOAD ./Drivers/STM32F4xx_HAL_Driver/Src/stm32f4xx_hal_can.o
LOAD ./Drivers/STM32F4xx_HAL_Driver/Src/stm32f4xx_hal_cortex.o
LOAD ./Drivers/STM32F4xx_HAL_Driver/Src/stm32f4xx_hal_dma.o
LOAD ./Drivers/STM32F4xx_HAL_Driver/Src/stm32f4xx_hal_dma_ex.o
LOAD ./Drivers/STM32F4xx_HAL_Driver/Src/stm32f4xx_hal_exti.o
LOAD ./Drivers/STM32F4xx_HAL_Driver/Src/stm32f4xx_hal_flash.o
LOAD ./Drivers/STM32F4xx_HAL_Driver/Src/stm32f4xx_hal_flash_ex.o
LOAD ./Drivers/STM32F4xx_HAL_Driver/Src/stm32f4xx_hal_flash_ramfunc.o
LOAD ./Drivers/STM32F4xx_HAL_Driver/Src/stm32f4xx_hal_gpio.o
LOAD ./Drivers/STM32F4xx_HAL_Driver/Src/stm32f4xx_hal_pwr.o
LOAD ./Drivers/STM32F4xx_HAL_Driver/Src/stm32f4xx_hal_pwr_ex.o
LOAD ./Drivers/STM32F4xx_HAL_Driver/Src/stm32f4xx_hal_rcc.o
LOAD ./Drivers/STM32F4xx_HAL_Driver/Src/stm32f4xx_hal_rcc_ex.o
LOAD ./Drivers/STM32F4xx_HAL_Driver/Src/stm32f4xx_hal_spi.o
LOAD ./Drivers/STM32F4xx_HAL_Driver/Src/stm32f4xx_hal_tim.o
LOAD ./Drivers/STM32F4xx_HAL_Driver/Src/stm32f4xx_hal_tim_ex.o
START GROUP
LOAD C:/applications/STM32CubeIDE_1.15.1/STM32CubeIDE/plugins/com.st.stm32cube.ide.mcu.externaltools.gnu-tools-for-stm32.12.3.rel1.win32_1.0.100.202403111256/tools/bin/../lib/gcc/arm-none-eabi/12.3.1/../../../../arm-none-eabi/lib/thumb/v7e-m+fp/hard\libstdc++_nano.a
LOAD C:/applications/STM32CubeIDE_1.15.1/STM32CubeIDE/plugins/com.st.stm32cube.ide.mcu.externaltools.gnu-tools-for-stm32.12.3.rel1.win32_1.0.100.202403111256/tools/bin/../lib/gcc/arm-none-eabi/12.3.1/../../../../arm-none-eabi/lib/thumb/v7e-m+fp/hard\libsupc++_nano.a
END GROUP
LOAD C:/applications/STM32CubeIDE_1.15.1/STM32CubeIDE/plugins/com.st.stm32cube.ide.mcu.externaltools.gnu-tools-for-stm32.12.3.rel1.win32_1.0.100.202403111256/tools/bin/../lib/gcc/arm-none-eabi/12.3.1/../../../../arm-none-eabi/lib/thumb/v7e-m+fp/hard\libstdc++_nano.a
LOAD C:/applications/STM32CubeIDE_1.15.1/STM32CubeIDE/plugins/com.st.stm32cube.ide.mcu.externaltools.gnu-tools-for-stm32.12.3.rel1.win32_1.0.100.202403111256/tools/bin/../lib/gcc/arm-none-eabi/12.3.1/../../../../arm-none-eabi/lib/thumb/v7e-m+fp/hard\libm.a
LOAD C:/applications/STM32CubeIDE_1.15.1/STM32CubeIDE/plugins/com.st.stm32cube.ide.mcu.externaltools.gnu-tools-for-stm32.12.3.rel1.win32_1.0.100.202403111256/tools/bin/../lib/gcc/arm-none-eabi/12.3.1/../../../../arm-none-eabi/lib/thumb/v7e-m+fp/hard\libc_nano.a
START GROUP
LOAD C:/applications/STM32CubeIDE_1.15.1/STM32CubeIDE/plugins/com.st.stm32cube.ide.mcu.externaltools.gnu-tools-for-stm32.12.3.rel1.win32_1.0.100.202403111256/tools/bin/../lib/gcc/arm-none-eabi/12.3.1/thumb/v7e-m+fp/hard\libgcc.a
LOAD C:/applications/STM32CubeIDE_1.15.1/STM32CubeIDE/plugins/com.st.stm32cube.ide.mcu.externaltools.gnu-tools-for-stm32.12.3.rel1.win32_1.0.100.202403111256/tools/bin/../lib/gcc/arm-none-eabi/12.3.1/../../../../arm-none-eabi/lib/thumb/v7e-m+fp/hard\libc_nano.a
END GROUP
START GROUP
LOAD C:/applications/STM32CubeIDE_1.15.1/STM32CubeIDE/plugins/com.st.stm32cube.ide.mcu.externaltools.gnu-tools-for-stm32.12.3.rel1.win32_1.0.100.202403111256/tools/bin/../lib/gcc/arm-none-eabi/12.3.1/thumb/v7e-m+fp/hard\libgcc.a
LOAD C:/applications/STM32CubeIDE_1.15.1/STM32CubeIDE/plugins/com.st.stm32cube.ide.mcu.externaltools.gnu-tools-for-stm32.12.3.rel1.win32_1.0.100.202403111256/tools/bin/../lib/gcc/arm-none-eabi/12.3.1/../../../../arm-none-eabi/lib/thumb/v7e-m+fp/hard\libc_nano.a
END GROUP
LOAD C:/applications/STM32CubeIDE_1.15.1/STM32CubeIDE/plugins/com.st.stm32cube.ide.mcu.externaltools.gnu-tools-for-stm32.12.3.rel1.win32_1.0.100.202403111256/tools/bin/../lib/gcc/arm-none-eabi/12.3.1/thumb/v7e-m+fp/hard/crtend.o
LOAD C:/applications/STM32CubeIDE_1.15.1/STM32CubeIDE/plugins/com.st.stm32cube.ide.mcu.externaltools.gnu-tools-for-stm32.12.3.rel1.win32_1.0.100.202403111256/tools/bin/../lib/gcc/arm-none-eabi/12.3.1/thumb/v7e-m+fp/hard/crtn.o
                0x20020000                        _estack = (ORIGIN (RAM) + LENGTH (RAM))
                0x00000200                        _Min_Heap_Size = 0x200
                0x00000400                        _Min_Stack_Size = 0x400

.isr_vector     0x08000000      0x1c4
                0x08000000                        . = ALIGN (0x4)
 *(.isr_vector)
 .isr_vector    0x08000000      0x1c4 ./Core/Startup/startup_stm32f446vetx.o
                0x08000000                g_pfnVectors
                0x080001c4                        . = ALIGN (0x4)

.text           0x080001c4     0x543c
                0x080001c4                        . = ALIGN (0x4)
 *(.text)
 .text          0x080001c4       0x40 C:/applications/STM32CubeIDE_1.15.1/STM32CubeIDE/plugins/com.st.stm32cube.ide.mcu.externaltools.gnu-tools-for-stm32.12.3.rel1.win32_1.0.100.202403111256/tools/bin/../lib/gcc/arm-none-eabi/12.3.1/thumb/v7e-m+fp/hard/crtbegin.o
 .text          0x08000204       0x30 C:/applications/STM32CubeIDE_1.15.1/STM32CubeIDE/plugins/com.st.stm32cube.ide.mcu.externaltools.gnu-tools-for-stm32.12.3.rel1.win32_1.0.100.202403111256/tools/bin/../lib/gcc/arm-none-eabi/12.3.1/thumb/v7e-m+fp/hard\libgcc.a(_aeabi_uldivmod.o)
                0x08000204                __aeabi_uldivmod
 .text          0x08000234      0x2bc C:/applications/STM32CubeIDE_1.15.1/STM32CubeIDE/plugins/com.st.stm32cube.ide.mcu.externaltools.gnu-tools-for-stm32.12.3.rel1.win32_1.0.100.202403111256/tools/bin/../lib/gcc/arm-none-eabi/12.3.1/thumb/v7e-m+fp/hard\libgcc.a(_udivmoddi4.o)
                0x08000234                __udivmoddi4
 .text          0x080004f0        0x4 C:/applications/STM32CubeIDE_1.15.1/STM32CubeIDE/plugins/com.st.stm32cube.ide.mcu.externaltools.gnu-tools-for-stm32.12.3.rel1.win32_1.0.100.202403111256/tools/bin/../lib/gcc/arm-none-eabi/12.3.1/thumb/v7e-m+fp/hard\libgcc.a(_dvmd_tls.o)
                0x080004f0                __aeabi_idiv0
                0x080004f0                __aeabi_ldiv0
 *(.text*)
 .text.ExecuteStateMachine
                0x080004f4      0x188 ./Core/Src/main.o
                0x080004f4                ExecuteStateMachine
 .text.DoStateInit
                0x0800067c       0xe8 ./Core/Src/main.o
                0x0800067c                DoStateInit
 .text.DoStateAssessPushButtons
                0x08000764       0xa0 ./Core/Src/main.o
                0x08000764                DoStateAssessPushButtons
 .text.CheckChangeDirectionMotor
                0x08000804       0x68 ./Core/Src/main.o
                0x08000804                CheckChangeDirectionMotor
 .text.DoStatePitchControl
                0x0800086c       0x10 ./Core/Src/main.o
                0x0800086c                DoStatePitchControl
 .text.DoStateMastControl
                0x0800087c       0x10 ./Core/Src/main.o
                0x0800087c                DoStateMastControl
 .text.DoStateCAN
                0x0800088c       0xa4 ./Core/Src/main.o
                0x0800088c                DoStateCAN
 .text.DoStateROPS
                0x08000930       0x88 ./Core/Src/main.o
                0x08000930                DoStateROPS
 .text.DoStateEmergencyStop
                0x080009b8       0x20 ./Core/Src/main.o
                0x080009b8                DoStateEmergencyStop
 .text.DoStateError
                0x080009d8        0xc ./Core/Src/main.o
                0x080009d8                DoStateError
 .text.SetMotorMode
                0x080009e4       0x50 ./Core/Src/main.o
                0x080009e4                SetMotorMode
 .text.SetMotorDirection
                0x08000a34       0x60 ./Core/Src/main.o
                0x08000a34                SetMotorDirection
 .text.ProcessCanMessage
                0x08000a94       0xf8 ./Core/Src/main.o
                0x08000a94                ProcessCanMessage
 .text.CAN_ReceiveFifoCallback
                0x08000b8c       0x54 ./Core/Src/main.o
                0x08000b8c                CAN_ReceiveFifoCallback
 .text.HAL_CAN_RxFifo0MsgPendingCallback
                0x08000be0       0x18 ./Core/Src/main.o
                0x08000be0                HAL_CAN_RxFifo0MsgPendingCallback
 .text.HAL_CAN_RxFifo1MsgPendingCallback
                0x08000bf8       0x18 ./Core/Src/main.o
                0x08000bf8                HAL_CAN_RxFifo1MsgPendingCallback
 .text.HAL_CAN_RxFifo0FullCallback
                0x08000c10       0x14 ./Core/Src/main.o
                0x08000c10                HAL_CAN_RxFifo0FullCallback
 .text.HAL_CAN_RxFifo1FullCallback
                0x08000c24       0x14 ./Core/Src/main.o
                0x08000c24                HAL_CAN_RxFifo1FullCallback
 .text.HAL_CAN_ErrorCallback
                0x08000c38       0x14 ./Core/Src/main.o
                0x08000c38                HAL_CAN_ErrorCallback
 .text.TransmitCAN
                0x08000c4c       0xc0 ./Core/Src/main.o
                0x08000c4c                TransmitCAN
 .text.main     0x08000d0c       0x64 ./Core/Src/main.o
                0x08000d0c                main
 .text.SystemClock_Config
                0x08000d70       0xdc ./Core/Src/main.o
                0x08000d70                SystemClock_Config
 .text.MX_CAN1_Init
                0x08000e4c      0x114 ./Core/Src/main.o
 .text.MX_SPI1_Init
                0x08000f60       0x6c ./Core/Src/main.o
 .text.MX_TIM1_Init
                0x08000fcc       0xa0 ./Core/Src/main.o
 .text.MX_TIM2_Init
                0x0800106c       0x98 ./Core/Src/main.o
 .text.MX_TIM4_Init
                0x08001104       0x9c ./Core/Src/main.o
 .text.MX_TIM5_Init
                0x080011a0       0xa0 ./Core/Src/main.o
 .text.MX_TIM6_Init
                0x08001240       0x68 ./Core/Src/main.o
 .text.MX_TIM7_Init
                0x080012a8       0x6c ./Core/Src/main.o
 .text.MX_TIM10_Init
                0x08001314       0x44 ./Core/Src/main.o
 .text.MX_GPIO_Init
                0x08001358      0x1ac ./Core/Src/main.o
 .text.HAL_GPIO_EXTI_Callback
                0x08001504       0x50 ./Core/Src/main.o
                0x08001504                HAL_GPIO_EXTI_Callback
 .text.Error_Handler
                0x08001554        0xc ./Core/Src/main.o
                0x08001554                Error_Handler
 .text.InitDrives
                0x08001560       0x12 ./Core/Src/motor.o
                0x08001560                InitDrives
 *fill*         0x08001572        0x2 
 .text.InitDriveMotor
                0x08001574       0xfc ./Core/Src/motor.o
                0x08001574                InitDriveMotor
 .text.SendDriveRegisters
                0x08001670       0x42 ./Core/Src/motor.o
                0x08001670                SendDriveRegisters
 *fill*         0x080016b2        0x2 
 .text.ReadAndVerifyDriveRegisters
                0x080016b4       0x9c ./Core/Src/motor.o
                0x080016b4                ReadAndVerifyDriveRegisters
 .text.WriteSPI
                0x08001750       0x5a ./Core/Src/motor.o
                0x08001750                WriteSPI
 .text.ReadSPI  0x080017aa       0x3c ./Core/Src/motor.o
                0x080017aa                ReadSPI
 *fill*         0x080017e6        0x2 
 .text.TransmitSPI
                0x080017e8       0x68 ./Core/Src/motor.o
                0x080017e8                TransmitSPI
 .text.TransmitReceiveSPI
                0x08001850       0xd4 ./Core/Src/motor.o
                0x08001850                TransmitReceiveSPI
 .text.SelectDriveCS
                0x08001924       0x98 ./Core/Src/motor.o
                0x08001924                SelectDriveCS
 .text.UnselectDriveCS
                0x080019bc       0x58 ./Core/Src/motor.o
                0x080019bc                UnselectDriveCS
 .text.ReadRegConfig
                0x08001a14       0xdc ./Core/Src/motor.o
                0x08001a14                ReadRegConfig
 .text.CheckDriveStatusRegister
                0x08001af0       0x3c ./Core/Src/motor.o
                0x08001af0                CheckDriveStatusRegister
 .text.EnableDrive
                0x08001b2c       0x74 ./Core/Src/motor.o
                0x08001b2c                EnableDrive
 .text.DisableDrive
                0x08001ba0       0x74 ./Core/Src/motor.o
                0x08001ba0                DisableDrive
 .text.DirectionDrive
                0x08001c14       0xa4 ./Core/Src/motor.o
                0x08001c14                DirectionDrive
 .text.better_step_function
                0x08001cb8       0x7c ./Core/Src/motor.o
                0x08001cb8                better_step_function
 .text.InitRegValuesStepper
                0x08001d34      0x1c8 ./Core/Src/motor.o
                0x08001d34                InitRegValuesStepper
 .text.HAL_MspInit
                0x08001efc       0x94 ./Core/Src/stm32f4xx_hal_msp.o
                0x08001efc                HAL_MspInit
 .text.HAL_CAN_MspInit
                0x08001f90       0xb0 ./Core/Src/stm32f4xx_hal_msp.o
                0x08001f90                HAL_CAN_MspInit
 .text.HAL_SPI_MspInit
                0x08002040       0xb0 ./Core/Src/stm32f4xx_hal_msp.o
                0x08002040                HAL_SPI_MspInit
 .text.HAL_TIM_Base_MspInit
                0x080020f0      0x1e4 ./Core/Src/stm32f4xx_hal_msp.o
                0x080020f0                HAL_TIM_Base_MspInit
 .text.NMI_Handler
                0x080022d4        0x8 ./Core/Src/stm32f4xx_it.o
                0x080022d4                NMI_Handler
 .text.HardFault_Handler
                0x080022dc        0x8 ./Core/Src/stm32f4xx_it.o
                0x080022dc                HardFault_Handler
 .text.MemManage_Handler
                0x080022e4        0x8 ./Core/Src/stm32f4xx_it.o
                0x080022e4                MemManage_Handler
 .text.BusFault_Handler
                0x080022ec        0x8 ./Core/Src/stm32f4xx_it.o
                0x080022ec                BusFault_Handler
 .text.UsageFault_Handler
                0x080022f4        0x8 ./Core/Src/stm32f4xx_it.o
                0x080022f4                UsageFault_Handler
 .text.SVC_Handler
                0x080022fc        0xe ./Core/Src/stm32f4xx_it.o
                0x080022fc                SVC_Handler
 .text.DebugMon_Handler
                0x0800230a        0xe ./Core/Src/stm32f4xx_it.o
                0x0800230a                DebugMon_Handler
 .text.PendSV_Handler
                0x08002318        0xe ./Core/Src/stm32f4xx_it.o
                0x08002318                PendSV_Handler
 .text.SysTick_Handler
                0x08002326        0xc ./Core/Src/stm32f4xx_it.o
                0x08002326                SysTick_Handler
 *fill*         0x08002332        0x2 
 .text.CAN1_RX0_IRQHandler
                0x08002334       0x14 ./Core/Src/stm32f4xx_it.o
                0x08002334                CAN1_RX0_IRQHandler
 .text.CAN1_RX1_IRQHandler
                0x08002348       0x14 ./Core/Src/stm32f4xx_it.o
                0x08002348                CAN1_RX1_IRQHandler
 .text.EXTI9_5_IRQHandler
                0x0800235c       0x18 ./Core/Src/stm32f4xx_it.o
                0x0800235c                EXTI9_5_IRQHandler
 .text.TIM1_UP_TIM10_IRQHandler
                0x08002374       0x1c ./Core/Src/stm32f4xx_it.o
                0x08002374                TIM1_UP_TIM10_IRQHandler
 .text.TIM4_IRQHandler
                0x08002390       0x1c ./Core/Src/stm32f4xx_it.o
                0x08002390                TIM4_IRQHandler
 .text.TIM6_DAC_IRQHandler
                0x080023ac       0x18 ./Core/Src/stm32f4xx_it.o
                0x080023ac                TIM6_DAC_IRQHandler
 .text.TIM7_IRQHandler
                0x080023c4       0x1c ./Core/Src/stm32f4xx_it.o
                0x080023c4                TIM7_IRQHandler
 .text.SystemInit
                0x080023e0       0x24 ./Core/Src/system_stm32f4xx.o
                0x080023e0                SystemInit
 .text.Reset_Handler
                0x08002404       0x50 ./Core/Startup/startup_stm32f446vetx.o
                0x08002404                Reset_Handler
 .text.Default_Handler
                0x08002454        0x2 ./Core/Startup/startup_stm32f446vetx.o
                0x08002454                RTC_Alarm_IRQHandler
                0x08002454                EXTI2_IRQHandler
                0x08002454                TIM8_CC_IRQHandler
                0x08002454                FMPI2C1_EV_IRQHandler
                0x08002454                SPI4_IRQHandler
                0x08002454                TIM1_CC_IRQHandler
                0x08002454                DMA2_Stream5_IRQHandler
                0x08002454                DMA1_Stream5_IRQHandler
                0x08002454                PVD_IRQHandler
                0x08002454                SDIO_IRQHandler
                0x08002454                TAMP_STAMP_IRQHandler
                0x08002454                CAN2_RX1_IRQHandler
                0x08002454                EXTI3_IRQHandler
                0x08002454                TIM8_TRG_COM_TIM14_IRQHandler
                0x08002454                TIM8_UP_TIM13_IRQHandler
                0x08002454                I2C3_ER_IRQHandler
                0x08002454                EXTI0_IRQHandler
                0x08002454                I2C2_EV_IRQHandler
                0x08002454                DMA1_Stream2_IRQHandler
                0x08002454                FPU_IRQHandler
                0x08002454                OTG_HS_WKUP_IRQHandler
                0x08002454                CAN2_SCE_IRQHandler
                0x08002454                DMA2_Stream2_IRQHandler
                0x08002454                SPI1_IRQHandler
                0x08002454                TIM1_BRK_TIM9_IRQHandler
                0x08002454                DCMI_IRQHandler
                0x08002454                CAN2_RX0_IRQHandler
                0x08002454                DMA2_Stream3_IRQHandler
                0x08002454                SAI2_IRQHandler
                0x08002454                USART6_IRQHandler
                0x08002454                USART3_IRQHandler
                0x08002454                UART5_IRQHandler
                0x08002454                DMA2_Stream0_IRQHandler
                0x08002454                QUADSPI_IRQHandler
                0x08002454                I2C1_EV_IRQHandler
                0x08002454                DMA1_Stream6_IRQHandler
                0x08002454                DMA1_Stream1_IRQHandler
                0x08002454                UART4_IRQHandler
                0x08002454                TIM3_IRQHandler
                0x08002454                RCC_IRQHandler
                0x08002454                TIM8_BRK_TIM12_IRQHandler
                0x08002454                Default_Handler
                0x08002454                CEC_IRQHandler
                0x08002454                EXTI15_10_IRQHandler
                0x08002454                ADC_IRQHandler
                0x08002454                DMA1_Stream7_IRQHandler
                0x08002454                CAN2_TX_IRQHandler
                0x08002454                TIM5_IRQHandler
                0x08002454                DMA2_Stream7_IRQHandler
                0x08002454                I2C3_EV_IRQHandler
                0x08002454                RTC_WKUP_IRQHandler
                0x08002454                SPDIF_RX_IRQHandler
                0x08002454                SPI2_IRQHandler
                0x08002454                OTG_HS_EP1_IN_IRQHandler
                0x08002454                DMA1_Stream0_IRQHandler
                0x08002454                CAN1_TX_IRQHandler
                0x08002454                FMPI2C1_ER_IRQHandler
                0x08002454                EXTI4_IRQHandler
                0x08002454                OTG_HS_EP1_OUT_IRQHandler
                0x08002454                WWDG_IRQHandler
                0x08002454                TIM2_IRQHandler
                0x08002454                OTG_FS_WKUP_IRQHandler
                0x08002454                TIM1_TRG_COM_TIM11_IRQHandler
                0x08002454                OTG_HS_IRQHandler
                0x08002454                EXTI1_IRQHandler
                0x08002454                USART2_IRQHandler
                0x08002454                I2C2_ER_IRQHandler
                0x08002454                DMA2_Stream1_IRQHandler
                0x08002454                CAN1_SCE_IRQHandler
                0x08002454                FLASH_IRQHandler
                0x08002454                DMA2_Stream4_IRQHandler
                0x08002454                USART1_IRQHandler
                0x08002454                OTG_FS_IRQHandler
                0x08002454                SPI3_IRQHandler
                0x08002454                DMA1_Stream4_IRQHandler
                0x08002454                I2C1_ER_IRQHandler
                0x08002454                FMC_IRQHandler
                0x08002454                DMA2_Stream6_IRQHandler
                0x08002454                SAI1_IRQHandler
                0x08002454                DMA1_Stream3_IRQHandler
 *fill*         0x08002456        0x2 
 .text.HAL_Init
                0x08002458       0x44 ./Drivers/STM32F4xx_HAL_Driver/Src/stm32f4xx_hal.o
                0x08002458                HAL_Init
 .text.HAL_InitTick
                0x0800249c       0x60 ./Drivers/STM32F4xx_HAL_Driver/Src/stm32f4xx_hal.o
                0x0800249c                HAL_InitTick
 .text.HAL_IncTick
                0x080024fc       0x28 ./Drivers/STM32F4xx_HAL_Driver/Src/stm32f4xx_hal.o
                0x080024fc                HAL_IncTick
 .text.HAL_GetTick
                0x08002524       0x18 ./Drivers/STM32F4xx_HAL_Driver/Src/stm32f4xx_hal.o
                0x08002524                HAL_GetTick
 .text.HAL_Delay
                0x0800253c       0x48 ./Drivers/STM32F4xx_HAL_Driver/Src/stm32f4xx_hal.o
                0x0800253c                HAL_Delay
 .text.HAL_CAN_Init
                0x08002584      0x1f6 ./Drivers/STM32F4xx_HAL_Driver/Src/stm32f4xx_hal_can.o
                0x08002584                HAL_CAN_Init
 *fill*         0x0800277a        0x2 
 .text.HAL_CAN_ConfigFilter
                0x0800277c      0x1bc ./Drivers/STM32F4xx_HAL_Driver/Src/stm32f4xx_hal_can.o
                0x0800277c                HAL_CAN_ConfigFilter
 .text.HAL_CAN_Start
                0x08002938       0x88 ./Drivers/STM32F4xx_HAL_Driver/Src/stm32f4xx_hal_can.o
                0x08002938                HAL_CAN_Start
 .text.HAL_CAN_AddTxMessage
                0x080029c0      0x1a0 ./Drivers/STM32F4xx_HAL_Driver/Src/stm32f4xx_hal_can.o
                0x080029c0                HAL_CAN_AddTxMessage
 .text.HAL_CAN_GetTxMailboxesFreeLevel
                0x08002b60       0x6a ./Drivers/STM32F4xx_HAL_Driver/Src/stm32f4xx_hal_can.o
                0x08002b60                HAL_CAN_GetTxMailboxesFreeLevel
 .text.HAL_CAN_GetRxMessage
                0x08002bca      0x244 ./Drivers/STM32F4xx_HAL_Driver/Src/stm32f4xx_hal_can.o
                0x08002bca                HAL_CAN_GetRxMessage
 .text.HAL_CAN_GetRxFifoFillLevel
                0x08002e0e       0x50 ./Drivers/STM32F4xx_HAL_Driver/Src/stm32f4xx_hal_can.o
                0x08002e0e                HAL_CAN_GetRxFifoFillLevel
 .text.HAL_CAN_ActivateNotification
                0x08002e5e       0x4c ./Drivers/STM32F4xx_HAL_Driver/Src/stm32f4xx_hal_can.o
                0x08002e5e                HAL_CAN_ActivateNotification
 .text.HAL_CAN_IRQHandler
                0x08002eaa      0x36e ./Drivers/STM32F4xx_HAL_Driver/Src/stm32f4xx_hal_can.o
                0x08002eaa                HAL_CAN_IRQHandler
 .text.HAL_CAN_TxMailbox0CompleteCallback
                0x08003218       0x14 ./Drivers/STM32F4xx_HAL_Driver/Src/stm32f4xx_hal_can.o
                0x08003218                HAL_CAN_TxMailbox0CompleteCallback
 .text.HAL_CAN_TxMailbox1CompleteCallback
                0x0800322c       0x14 ./Drivers/STM32F4xx_HAL_Driver/Src/stm32f4xx_hal_can.o
                0x0800322c                HAL_CAN_TxMailbox1CompleteCallback
 .text.HAL_CAN_TxMailbox2CompleteCallback
                0x08003240       0x14 ./Drivers/STM32F4xx_HAL_Driver/Src/stm32f4xx_hal_can.o
                0x08003240                HAL_CAN_TxMailbox2CompleteCallback
 .text.HAL_CAN_TxMailbox0AbortCallback
                0x08003254       0x14 ./Drivers/STM32F4xx_HAL_Driver/Src/stm32f4xx_hal_can.o
                0x08003254                HAL_CAN_TxMailbox0AbortCallback
 .text.HAL_CAN_TxMailbox1AbortCallback
                0x08003268       0x14 ./Drivers/STM32F4xx_HAL_Driver/Src/stm32f4xx_hal_can.o
                0x08003268                HAL_CAN_TxMailbox1AbortCallback
 .text.HAL_CAN_TxMailbox2AbortCallback
                0x0800327c       0x14 ./Drivers/STM32F4xx_HAL_Driver/Src/stm32f4xx_hal_can.o
                0x0800327c                HAL_CAN_TxMailbox2AbortCallback
 .text.HAL_CAN_SleepCallback
                0x08003290       0x14 ./Drivers/STM32F4xx_HAL_Driver/Src/stm32f4xx_hal_can.o
                0x08003290                HAL_CAN_SleepCallback
 .text.HAL_CAN_WakeUpFromRxMsgCallback
                0x080032a4       0x14 ./Drivers/STM32F4xx_HAL_Driver/Src/stm32f4xx_hal_can.o
                0x080032a4                HAL_CAN_WakeUpFromRxMsgCallback
 .text.__NVIC_SetPriorityGrouping
                0x080032b8       0x48 ./Drivers/STM32F4xx_HAL_Driver/Src/stm32f4xx_hal_cortex.o
 .text.__NVIC_GetPriorityGrouping
                0x08003300       0x1c ./Drivers/STM32F4xx_HAL_Driver/Src/stm32f4xx_hal_cortex.o
 .text.__NVIC_EnableIRQ
                0x0800331c       0x3c ./Drivers/STM32F4xx_HAL_Driver/Src/stm32f4xx_hal_cortex.o
 .text.__NVIC_SetPriority
                0x08003358       0x54 ./Drivers/STM32F4xx_HAL_Driver/Src/stm32f4xx_hal_cortex.o
 .text.NVIC_EncodePriority
                0x080033ac       0x66 ./Drivers/STM32F4xx_HAL_Driver/Src/stm32f4xx_hal_cortex.o
 *fill*         0x08003412        0x2 
 .text.SysTick_Config
                0x08003414       0x44 ./Drivers/STM32F4xx_HAL_Driver/Src/stm32f4xx_hal_cortex.o
 .text.HAL_NVIC_SetPriorityGrouping
                0x08003458       0x16 ./Drivers/STM32F4xx_HAL_Driver/Src/stm32f4xx_hal_cortex.o
                0x08003458                HAL_NVIC_SetPriorityGrouping
 .text.HAL_NVIC_SetPriority
                0x0800346e       0x38 ./Drivers/STM32F4xx_HAL_Driver/Src/stm32f4xx_hal_cortex.o
                0x0800346e                HAL_NVIC_SetPriority
 .text.HAL_NVIC_EnableIRQ
                0x080034a6       0x1c ./Drivers/STM32F4xx_HAL_Driver/Src/stm32f4xx_hal_cortex.o
                0x080034a6                HAL_NVIC_EnableIRQ
 .text.HAL_SYSTICK_Config
                0x080034c2       0x18 ./Drivers/STM32F4xx_HAL_Driver/Src/stm32f4xx_hal_cortex.o
                0x080034c2                HAL_SYSTICK_Config
 *fill*         0x080034da        0x2 
 .text.HAL_GPIO_Init
                0x080034dc      0x328 ./Drivers/STM32F4xx_HAL_Driver/Src/stm32f4xx_hal_gpio.o
                0x080034dc                HAL_GPIO_Init
 .text.HAL_GPIO_ReadPin
                0x08003804       0x30 ./Drivers/STM32F4xx_HAL_Driver/Src/stm32f4xx_hal_gpio.o
                0x08003804                HAL_GPIO_ReadPin
 .text.HAL_GPIO_WritePin
                0x08003834       0x32 ./Drivers/STM32F4xx_HAL_Driver/Src/stm32f4xx_hal_gpio.o
                0x08003834                HAL_GPIO_WritePin
 .text.HAL_GPIO_TogglePin
                0x08003866       0x34 ./Drivers/STM32F4xx_HAL_Driver/Src/stm32f4xx_hal_gpio.o
                0x08003866                HAL_GPIO_TogglePin
 *fill*         0x0800389a        0x2 
 .text.HAL_GPIO_EXTI_IRQHandler
                0x0800389c       0x30 ./Drivers/STM32F4xx_HAL_Driver/Src/stm32f4xx_hal_gpio.o
                0x0800389c                HAL_GPIO_EXTI_IRQHandler
 .text.HAL_RCC_ClockConfig
                0x080038cc      0x1cc ./Drivers/STM32F4xx_HAL_Driver/Src/stm32f4xx_hal_rcc.o
                0x080038cc                HAL_RCC_ClockConfig
 .text.HAL_RCC_GetSysClockFreq
                0x08003a98      0x354 ./Drivers/STM32F4xx_HAL_Driver/Src/stm32f4xx_hal_rcc_ex.o
                0x08003a98                HAL_RCC_GetSysClockFreq
 .text.HAL_RCC_OscConfig
                0x08003dec      0x53c ./Drivers/STM32F4xx_HAL_Driver/Src/stm32f4xx_hal_rcc_ex.o
                0x08003dec                HAL_RCC_OscConfig
 .text.HAL_SPI_Init
                0x08004328      0x112 ./Drivers/STM32F4xx_HAL_Driver/Src/stm32f4xx_hal_spi.o
                0x08004328                HAL_SPI_Init
 .text.HAL_SPI_Transmit
                0x0800443a      0x288 ./Drivers/STM32F4xx_HAL_Driver/Src/stm32f4xx_hal_spi.o
                0x0800443a                HAL_SPI_Transmit
 .text.HAL_SPI_TransmitReceive
                0x080046c2      0x352 ./Drivers/STM32F4xx_HAL_Driver/Src/stm32f4xx_hal_spi.o
                0x080046c2                HAL_SPI_TransmitReceive
 .text.SPI_WaitFlagStateUntilTimeout
                0x08004a14      0x110 ./Drivers/STM32F4xx_HAL_Driver/Src/stm32f4xx_hal_spi.o
 .text.SPI_EndRxTxTransaction
                0x08004b24       0xa8 ./Drivers/STM32F4xx_HAL_Driver/Src/stm32f4xx_hal_spi.o
 .text.HAL_TIM_Base_Init
                0x08004bcc       0x9e ./Drivers/STM32F4xx_HAL_Driver/Src/stm32f4xx_hal_tim.o
                0x08004bcc                HAL_TIM_Base_Init
 *fill*         0x08004c6a        0x2 
 .text.HAL_TIM_Base_Start
                0x08004c6c       0xd0 ./Drivers/STM32F4xx_HAL_Driver/Src/stm32f4xx_hal_tim.o
                0x08004c6c                HAL_TIM_Base_Start
 .text.HAL_TIM_Base_Start_IT
                0x08004d3c       0xe0 ./Drivers/STM32F4xx_HAL_Driver/Src/stm32f4xx_hal_tim.o
                0x08004d3c                HAL_TIM_Base_Start_IT
 .text.HAL_TIM_IRQHandler
                0x08004e1c      0x1e0 ./Drivers/STM32F4xx_HAL_Driver/Src/stm32f4xx_hal_tim.o
                0x08004e1c                HAL_TIM_IRQHandler
 .text.HAL_TIM_ConfigClockSource
                0x08004ffc      0x18e ./Drivers/STM32F4xx_HAL_Driver/Src/stm32f4xx_hal_tim.o
                0x08004ffc                HAL_TIM_ConfigClockSource
 .text.HAL_TIM_PeriodElapsedCallback
                0x0800518a       0x14 ./Drivers/STM32F4xx_HAL_Driver/Src/stm32f4xx_hal_tim.o
                0x0800518a                HAL_TIM_PeriodElapsedCallback
 .text.HAL_TIM_OC_DelayElapsedCallback
                0x0800519e       0x14 ./Drivers/STM32F4xx_HAL_Driver/Src/stm32f4xx_hal_tim.o
                0x0800519e                HAL_TIM_OC_DelayElapsedCallback
 .text.HAL_TIM_IC_CaptureCallback
                0x080051b2       0x14 ./Drivers/STM32F4xx_HAL_Driver/Src/stm32f4xx_hal_tim.o
                0x080051b2                HAL_TIM_IC_CaptureCallback
 .text.HAL_TIM_PWM_PulseFinishedCallback
                0x080051c6       0x14 ./Drivers/STM32F4xx_HAL_Driver/Src/stm32f4xx_hal_tim.o
                0x080051c6                HAL_TIM_PWM_PulseFinishedCallback
 .text.HAL_TIM_TriggerCallback
                0x080051da       0x14 ./Drivers/STM32F4xx_HAL_Driver/Src/stm32f4xx_hal_tim.o
                0x080051da                HAL_TIM_TriggerCallback
 *fill*         0x080051ee        0x2 
 .text.TIM_Base_SetConfig
                0x080051f0      0x14c ./Drivers/STM32F4xx_HAL_Driver/Src/stm32f4xx_hal_tim.o
                0x080051f0                TIM_Base_SetConfig
 .text.TIM_TI1_ConfigInputStage
                0x0800533c       0x5e ./Drivers/STM32F4xx_HAL_Driver/Src/stm32f4xx_hal_tim.o
 .text.TIM_TI2_ConfigInputStage
                0x0800539a       0x60 ./Drivers/STM32F4xx_HAL_Driver/Src/stm32f4xx_hal_tim.o
 .text.TIM_ITRx_SetConfig
                0x080053fa       0x36 ./Drivers/STM32F4xx_HAL_Driver/Src/stm32f4xx_hal_tim.o
 .text.TIM_ETR_SetConfig
                0x08005430       0x40 ./Drivers/STM32F4xx_HAL_Driver/Src/stm32f4xx_hal_tim.o
                0x08005430                TIM_ETR_SetConfig
 .text.HAL_TIMEx_MasterConfigSynchronization
                0x08005470       0xf8 ./Drivers/STM32F4xx_HAL_Driver/Src/stm32f4xx_hal_tim_ex.o
                0x08005470                HAL_TIMEx_MasterConfigSynchronization
 .text.HAL_TIMEx_CommutCallback
                0x08005568       0x14 ./Drivers/STM32F4xx_HAL_Driver/Src/stm32f4xx_hal_tim_ex.o
                0x08005568                HAL_TIMEx_CommutCallback
 .text.HAL_TIMEx_BreakCallback
                0x0800557c       0x14 ./Drivers/STM32F4xx_HAL_Driver/Src/stm32f4xx_hal_tim_ex.o
                0x0800557c                HAL_TIMEx_BreakCallback
 .text.memset   0x08005590       0x10 C:/applications/STM32CubeIDE_1.15.1/STM32CubeIDE/plugins/com.st.stm32cube.ide.mcu.externaltools.gnu-tools-for-stm32.12.3.rel1.win32_1.0.100.202403111256/tools/bin/../lib/gcc/arm-none-eabi/12.3.1/../../../../arm-none-eabi/lib/thumb/v7e-m+fp/hard\libc_nano.a(libc_a-memset.o)
                0x08005590                memset
 .text.__libc_init_array
                0x080055a0       0x48 C:/applications/STM32CubeIDE_1.15.1/STM32CubeIDE/plugins/com.st.stm32cube.ide.mcu.externaltools.gnu-tools-for-stm32.12.3.rel1.win32_1.0.100.202403111256/tools/bin/../lib/gcc/arm-none-eabi/12.3.1/../../../../arm-none-eabi/lib/thumb/v7e-m+fp/hard\libc_nano.a(libc_a-init.o)
                0x080055a0                __libc_init_array
 *(.glue_7)
 .glue_7        0x080055e8        0x0 linker stubs
 *(.glue_7t)
 .glue_7t       0x080055e8        0x0 linker stubs
 *(.eh_frame)
 .eh_frame      0x080055e8        0x0 C:/applications/STM32CubeIDE_1.15.1/STM32CubeIDE/plugins/com.st.stm32cube.ide.mcu.externaltools.gnu-tools-for-stm32.12.3.rel1.win32_1.0.100.202403111256/tools/bin/../lib/gcc/arm-none-eabi/12.3.1/thumb/v7e-m+fp/hard/crtbegin.o
 *(.init)
 .init          0x080055e8        0x4 C:/applications/STM32CubeIDE_1.15.1/STM32CubeIDE/plugins/com.st.stm32cube.ide.mcu.externaltools.gnu-tools-for-stm32.12.3.rel1.win32_1.0.100.202403111256/tools/bin/../lib/gcc/arm-none-eabi/12.3.1/thumb/v7e-m+fp/hard/crti.o
                0x080055e8                _init
 .init          0x080055ec        0x8 C:/applications/STM32CubeIDE_1.15.1/STM32CubeIDE/plugins/com.st.stm32cube.ide.mcu.externaltools.gnu-tools-for-stm32.12.3.rel1.win32_1.0.100.202403111256/tools/bin/../lib/gcc/arm-none-eabi/12.3.1/thumb/v7e-m+fp/hard/crtn.o
 *(.fini)
 .fini          0x080055f4        0x4 C:/applications/STM32CubeIDE_1.15.1/STM32CubeIDE/plugins/com.st.stm32cube.ide.mcu.externaltools.gnu-tools-for-stm32.12.3.rel1.win32_1.0.100.202403111256/tools/bin/../lib/gcc/arm-none-eabi/12.3.1/thumb/v7e-m+fp/hard/crti.o
                0x080055f4                _fini
 .fini          0x080055f8        0x8 C:/applications/STM32CubeIDE_1.15.1/STM32CubeIDE/plugins/com.st.stm32cube.ide.mcu.externaltools.gnu-tools-for-stm32.12.3.rel1.win32_1.0.100.202403111256/tools/bin/../lib/gcc/arm-none-eabi/12.3.1/thumb/v7e-m+fp/hard/crtn.o
                0x08005600                        . = ALIGN (0x4)
                0x08005600                        _etext = .

.vfp11_veneer   0x08005600        0x0
 .vfp11_veneer  0x08005600        0x0 linker stubs

.v4_bx          0x08005600        0x0
 .v4_bx         0x08005600        0x0 linker stubs

.iplt           0x08005600        0x0
 .iplt          0x08005600        0x0 C:/applications/STM32CubeIDE_1.15.1/STM32CubeIDE/plugins/com.st.stm32cube.ide.mcu.externaltools.gnu-tools-for-stm32.12.3.rel1.win32_1.0.100.202403111256/tools/bin/../lib/gcc/arm-none-eabi/12.3.1/thumb/v7e-m+fp/hard/crtbegin.o

.rodata         0x08005600       0x10
                0x08005600                        . = ALIGN (0x4)
 *(.rodata)
 *(.rodata*)
 .rodata.AHBPrescTable
                0x08005600       0x10 ./Core/Src/system_stm32f4xx.o
                0x08005600                AHBPrescTable
                0x08005610                        . = ALIGN (0x4)

.ARM.extab      0x08005610        0x0
                0x08005610                        . = ALIGN (0x4)
 *(.ARM.extab* .gnu.linkonce.armextab.*)
                0x08005610                        . = ALIGN (0x4)

.ARM            0x08005610        0x8
                0x08005610                        . = ALIGN (0x4)
                0x08005610                        __exidx_start = .
 *(.ARM.exidx*)
 .ARM.exidx     0x08005610        0x8 C:/applications/STM32CubeIDE_1.15.1/STM32CubeIDE/plugins/com.st.stm32cube.ide.mcu.externaltools.gnu-tools-for-stm32.12.3.rel1.win32_1.0.100.202403111256/tools/bin/../lib/gcc/arm-none-eabi/12.3.1/thumb/v7e-m+fp/hard\libgcc.a(_udivmoddi4.o)
                0x08005618                        __exidx_end = .
                0x08005618                        . = ALIGN (0x4)

.rel.dyn        0x08005618        0x0
 .rel.iplt      0x08005618        0x0 C:/applications/STM32CubeIDE_1.15.1/STM32CubeIDE/plugins/com.st.stm32cube.ide.mcu.externaltools.gnu-tools-for-stm32.12.3.rel1.win32_1.0.100.202403111256/tools/bin/../lib/gcc/arm-none-eabi/12.3.1/thumb/v7e-m+fp/hard/crtbegin.o

.preinit_array  0x08005618        0x0
                0x08005618                        . = ALIGN (0x4)
                0x08005618                        PROVIDE (__preinit_array_start = .)
 *(.preinit_array*)
                0x08005618                        PROVIDE (__preinit_array_end = .)
                0x08005618                        . = ALIGN (0x4)

.init_array     0x08005618        0x4
                0x08005618                        . = ALIGN (0x4)
                0x08005618                        PROVIDE (__init_array_start = .)
 *(SORT_BY_NAME(.init_array.*))
 *(.init_array*)
 .init_array    0x08005618        0x4 C:/applications/STM32CubeIDE_1.15.1/STM32CubeIDE/plugins/com.st.stm32cube.ide.mcu.externaltools.gnu-tools-for-stm32.12.3.rel1.win32_1.0.100.202403111256/tools/bin/../lib/gcc/arm-none-eabi/12.3.1/thumb/v7e-m+fp/hard/crtbegin.o
                0x0800561c                        PROVIDE (__init_array_end = .)
                0x0800561c                        . = ALIGN (0x4)

.fini_array     0x0800561c        0x4
                0x0800561c                        . = ALIGN (0x4)
                [!provide]                        PROVIDE (__fini_array_start = .)
 *(SORT_BY_NAME(.fini_array.*))
 *(.fini_array*)
 .fini_array    0x0800561c        0x4 C:/applications/STM32CubeIDE_1.15.1/STM32CubeIDE/plugins/com.st.stm32cube.ide.mcu.externaltools.gnu-tools-for-stm32.12.3.rel1.win32_1.0.100.202403111256/tools/bin/../lib/gcc/arm-none-eabi/12.3.1/thumb/v7e-m+fp/hard/crtbegin.o
                [!provide]                        PROVIDE (__fini_array_end = .)
                0x08005620                        . = ALIGN (0x4)
                0x08005620                        _sidata = LOADADDR (.data)

.data           0x20000000       0x4c load address 0x08005620
                0x20000000                        . = ALIGN (0x4)
                0x20000000                        _sdata = .
 *(.data)
 *(.data*)
 .data.drive_ports
                0x20000000       0x28 ./Core/Src/motor.o
                0x20000000                drive_ports
 .data.drive_pins
                0x20000028       0x14 ./Core/Src/motor.o
                0x20000028                drive_pins
 .data.hspi     0x2000003c        0x4 ./Core/Src/motor.o
                0x2000003c                hspi
 .data.SystemCoreClock
                0x20000040        0x4 ./Core/Src/system_stm32f4xx.o
                0x20000040                SystemCoreClock
 .data.uwTickPrio
                0x20000044        0x4 ./Drivers/STM32F4xx_HAL_Driver/Src/stm32f4xx_hal.o
                0x20000044                uwTickPrio
 .data.uwTickFreq
                0x20000048        0x1 ./Drivers/STM32F4xx_HAL_Driver/Src/stm32f4xx_hal.o
                0x20000048                uwTickFreq
 *(.RamFunc)
 *(.RamFunc*)
                0x2000004c                        . = ALIGN (0x4)
 *fill*         0x20000049        0x3 
                0x2000004c                        _edata = .

.igot.plt       0x2000004c        0x0 load address 0x0800566c
 .igot.plt      0x2000004c        0x0 C:/applications/STM32CubeIDE_1.15.1/STM32CubeIDE/plugins/com.st.stm32cube.ide.mcu.externaltools.gnu-tools-for-stm32.12.3.rel1.win32_1.0.100.202403111256/tools/bin/../lib/gcc/arm-none-eabi/12.3.1/thumb/v7e-m+fp/hard/crtbegin.o
                0x2000004c                        . = ALIGN (0x4)

.bss            0x2000004c      0x360 load address 0x0800566c
                0x2000004c                        _sbss = .
                0x2000004c                        __bss_start__ = _sbss
 *(.bss)
 .bss           0x2000004c       0x1c C:/applications/STM32CubeIDE_1.15.1/STM32CubeIDE/plugins/com.st.stm32cube.ide.mcu.externaltools.gnu-tools-for-stm32.12.3.rel1.win32_1.0.100.202403111256/tools/bin/../lib/gcc/arm-none-eabi/12.3.1/thumb/v7e-m+fp/hard/crtbegin.o
 *(.bss*)
 .bss.hcan1     0x20000068       0x28 ./Core/Src/main.o
                0x20000068                hcan1
 .bss.hspi1     0x20000090       0x58 ./Core/Src/main.o
                0x20000090                hspi1
 .bss.htim1     0x200000e8       0x48 ./Core/Src/main.o
                0x200000e8                htim1
 .bss.htim2     0x20000130       0x48 ./Core/Src/main.o
                0x20000130                htim2
 .bss.htim4     0x20000178       0x48 ./Core/Src/main.o
                0x20000178                htim4
 .bss.htim5     0x200001c0       0x48 ./Core/Src/main.o
                0x200001c0                htim5
 .bss.htim6     0x20000208       0x48 ./Core/Src/main.o
                0x20000208                htim6
 .bss.htim7     0x20000250       0x48 ./Core/Src/main.o
                0x20000250                htim7
 .bss.htim10    0x20000298       0x48 ./Core/Src/main.o
                0x20000298                htim10
 .bss.b_rops    0x200002e0        0x1 ./Core/Src/main.o
                0x200002e0                b_rops
 .bss.b_emergency_stop
                0x200002e1        0x1 ./Core/Src/main.o
                0x200002e1                b_emergency_stop
 .bss.b_timer500ms_flag
                0x200002e2        0x1 ./Core/Src/main.o
                0x200002e2                b_timer500ms_flag
 .bss.b_timer50ms_flag
                0x200002e3        0x1 ./Core/Src/main.o
                0x200002e3                b_timer50ms_flag
 .bss.b_timer250ms_flag
                0x200002e4        0x1 ./Core/Src/main.o
                0x200002e4                b_timer250ms_flag
 .bss.flag_can_tx_send
                0x200002e5        0x1 ./Core/Src/main.o
                0x200002e5                flag_can_tx_send
 .bss.flag_pitch_control
                0x200002e6        0x1 ./Core/Src/main.o
                0x200002e6                flag_pitch_control
 .bss.flag_mast_control
                0x200002e7        0x1 ./Core/Src/main.o
                0x200002e7                flag_mast_control
 .bss.flag_send_drive_pitch_config
                0x200002e8        0x1 ./Core/Src/main.o
                0x200002e8                flag_send_drive_pitch_config
 .bss.flag_send_drive_mast_config
                0x200002e9        0x1 ./Core/Src/main.o
                0x200002e9                flag_send_drive_mast_config
 *fill*         0x200002ea        0x2 
 .bss.speed_stepper_motor_pitch
                0x200002ec        0x4 ./Core/Src/main.o
                0x200002ec                speed_stepper_motor_pitch
 .bss.rxData    0x200002f0        0x8 ./Core/Src/main.o
                0x200002f0                rxData
 .bss.can1_recv_flag
                0x200002f8        0x1 ./Core/Src/main.o
                0x200002f8                can1_recv_flag
 *fill*         0x200002f9        0x3 
 .bss.pTxHeader
                0x200002fc       0x18 ./Core/Src/main.o
                0x200002fc                pTxHeader
 .bss.pRxHeader
                0x20000314       0x1c ./Core/Src/main.o
                0x20000314                pRxHeader
 .bss.current_state
                0x20000330        0x4 ./Core/Src/main.o
                0x20000330                current_state
 .bss.can_tx_data
                0x20000334       0x1c ./Core/Src/main.o
                0x20000334                can_tx_data
 .bss.motorss   0x20000350       0x20 ./Core/Src/main.o
                0x20000350                motorss
 .bss.pb1_value
                0x20000370        0x1 ./Core/Src/main.o
                0x20000370                pb1_value
 .bss.pb2_value
                0x20000371        0x1 ./Core/Src/main.o
                0x20000371                pb2_value
 .bss.pb1_update
                0x20000372        0x1 ./Core/Src/main.o
                0x20000372                pb1_update
 .bss.pb2_update
                0x20000373        0x1 ./Core/Src/main.o
                0x20000373                pb2_update
 .bss.flag_buttons
                0x20000374        0x1 ./Core/Src/main.o
                0x20000374                flag_buttons
 .bss.timer50ms_flag
                0x20000375        0x1 ./Core/Src/main.o
                0x20000375                timer50ms_flag
 .bss.timer250ms_counter
                0x20000376        0x1 ./Core/Src/main.o
                0x20000376                timer250ms_counter
 .bss.timer500ms_counter
                0x20000377        0x1 ./Core/Src/main.o
                0x20000377                timer500ms_counter
 .bss.debug_log_4_value.2
                0x20000378        0x4 ./Core/Src/main.o
 .bss.test.1    0x2000037c        0x4 ./Core/Src/main.o
 .bss.drive_regs
                0x20000380       0x20 ./Core/Src/motor.o
                0x20000380                drive_regs
 .bss.motor_pitch_on
                0x200003a0        0x1 ./Core/Src/motor.o
                0x200003a0                motor_pitch_on
 .bss.flag_drive_fault
                0x200003a1        0x1 ./Core/Src/motor.o
                0x200003a1                flag_drive_fault
 *fill*         0x200003a2        0x2 
 .bss.counter   0x200003a4        0x4 ./Core/Src/motor.o
                0x200003a4                counter
 .bss.uwTick    0x200003a8        0x4 ./Drivers/STM32F4xx_HAL_Driver/Src/stm32f4xx_hal.o
                0x200003a8                uwTick
 *(COMMON)
                0x200003ac                        . = ALIGN (0x4)
                0x200003ac                        _ebss = .
                0x200003ac                        __bss_end__ = _ebss

._user_heap_stack
                0x200003ac      0x604 load address 0x0800566c
                0x200003b0                        . = ALIGN (0x8)
 *fill*         0x200003ac        0x4 
                [!provide]                        PROVIDE (end = .)
                0x200003b0                        PROVIDE (_end = .)
                0x200005b0                        . = (. + _Min_Heap_Size)
 *fill*         0x200003b0      0x200 
                0x200009b0                        . = (. + _Min_Stack_Size)
 *fill*         0x200005b0      0x400 
                0x200009b0                        . = ALIGN (0x8)

/DISCARD/
 libc.a(*)
 libm.a(*)
 libgcc.a(*)

.ARM.attributes
                0x00000000       0x30
 *(.ARM.attributes)
 .ARM.attributes
                0x00000000       0x22 C:/applications/STM32CubeIDE_1.15.1/STM32CubeIDE/plugins/com.st.stm32cube.ide.mcu.externaltools.gnu-tools-for-stm32.12.3.rel1.win32_1.0.100.202403111256/tools/bin/../lib/gcc/arm-none-eabi/12.3.1/thumb/v7e-m+fp/hard/crti.o
 .ARM.attributes
                0x00000022       0x34 C:/applications/STM32CubeIDE_1.15.1/STM32CubeIDE/plugins/com.st.stm32cube.ide.mcu.externaltools.gnu-tools-for-stm32.12.3.rel1.win32_1.0.100.202403111256/tools/bin/../lib/gcc/arm-none-eabi/12.3.1/thumb/v7e-m+fp/hard/crtbegin.o
 .ARM.attributes
                0x00000056       0x34 ./Core/Src/main.o
 .ARM.attributes
                0x0000008a       0x34 ./Core/Src/motor.o
 .ARM.attributes
                0x000000be       0x34 ./Core/Src/stm32f4xx_hal_msp.o
 .ARM.attributes
                0x000000f2       0x34 ./Core/Src/stm32f4xx_it.o
 .ARM.attributes
                0x00000126       0x34 ./Core/Src/system_stm32f4xx.o
 .ARM.attributes
                0x0000015a       0x21 ./Core/Startup/startup_stm32f446vetx.o
 .ARM.attributes
                0x0000017b       0x34 ./Drivers/STM32F4xx_HAL_Driver/Src/stm32f4xx_hal.o
 .ARM.attributes
                0x000001af       0x34 ./Drivers/STM32F4xx_HAL_Driver/Src/stm32f4xx_hal_can.o
 .ARM.attributes
                0x000001e3       0x34 ./Drivers/STM32F4xx_HAL_Driver/Src/stm32f4xx_hal_cortex.o
 .ARM.attributes
                0x00000217       0x34 ./Drivers/STM32F4xx_HAL_Driver/Src/stm32f4xx_hal_gpio.o
 .ARM.attributes
                0x0000024b       0x34 ./Drivers/STM32F4xx_HAL_Driver/Src/stm32f4xx_hal_rcc.o
 .ARM.attributes
                0x0000027f       0x34 ./Drivers/STM32F4xx_HAL_Driver/Src/stm32f4xx_hal_rcc_ex.o
 .ARM.attributes
                0x000002b3       0x34 ./Drivers/STM32F4xx_HAL_Driver/Src/stm32f4xx_hal_spi.o
 .ARM.attributes
                0x000002e7       0x34 ./Drivers/STM32F4xx_HAL_Driver/Src/stm32f4xx_hal_tim.o
 .ARM.attributes
                0x0000031b       0x34 ./Drivers/STM32F4xx_HAL_Driver/Src/stm32f4xx_hal_tim_ex.o
 .ARM.attributes
                0x0000034f       0x34 C:/applications/STM32CubeIDE_1.15.1/STM32CubeIDE/plugins/com.st.stm32cube.ide.mcu.externaltools.gnu-tools-for-stm32.12.3.rel1.win32_1.0.100.202403111256/tools/bin/../lib/gcc/arm-none-eabi/12.3.1/../../../../arm-none-eabi/lib/thumb/v7e-m+fp/hard\libc_nano.a(libc_a-memset.o)
 .ARM.attributes
                0x00000383       0x34 C:/applications/STM32CubeIDE_1.15.1/STM32CubeIDE/plugins/com.st.stm32cube.ide.mcu.externaltools.gnu-tools-for-stm32.12.3.rel1.win32_1.0.100.202403111256/tools/bin/../lib/gcc/arm-none-eabi/12.3.1/../../../../arm-none-eabi/lib/thumb/v7e-m+fp/hard\libc_nano.a(libc_a-init.o)
 .ARM.attributes
                0x000003b7       0x22 C:/applications/STM32CubeIDE_1.15.1/STM32CubeIDE/plugins/com.st.stm32cube.ide.mcu.externaltools.gnu-tools-for-stm32.12.3.rel1.win32_1.0.100.202403111256/tools/bin/../lib/gcc/arm-none-eabi/12.3.1/thumb/v7e-m+fp/hard\libgcc.a(_aeabi_uldivmod.o)
 .ARM.attributes
                0x000003d9       0x34 C:/applications/STM32CubeIDE_1.15.1/STM32CubeIDE/plugins/com.st.stm32cube.ide.mcu.externaltools.gnu-tools-for-stm32.12.3.rel1.win32_1.0.100.202403111256/tools/bin/../lib/gcc/arm-none-eabi/12.3.1/thumb/v7e-m+fp/hard\libgcc.a(_udivmoddi4.o)
 .ARM.attributes
                0x0000040d       0x22 C:/applications/STM32CubeIDE_1.15.1/STM32CubeIDE/plugins/com.st.stm32cube.ide.mcu.externaltools.gnu-tools-for-stm32.12.3.rel1.win32_1.0.100.202403111256/tools/bin/../lib/gcc/arm-none-eabi/12.3.1/thumb/v7e-m+fp/hard\libgcc.a(_dvmd_tls.o)
 .ARM.attributes
                0x0000042f       0x22 C:/applications/STM32CubeIDE_1.15.1/STM32CubeIDE/plugins/com.st.stm32cube.ide.mcu.externaltools.gnu-tools-for-stm32.12.3.rel1.win32_1.0.100.202403111256/tools/bin/../lib/gcc/arm-none-eabi/12.3.1/thumb/v7e-m+fp/hard/crtn.o
OUTPUT(DriveMoteurC10_2022.elf elf32-littlearm)
LOAD linker stubs
LOAD C:/applications/STM32CubeIDE_1.15.1/STM32CubeIDE/plugins/com.st.stm32cube.ide.mcu.externaltools.gnu-tools-for-stm32.12.3.rel1.win32_1.0.100.202403111256/tools/bin/../lib/gcc/arm-none-eabi/12.3.1/../../../../arm-none-eabi/lib/thumb/v7e-m+fp/hard\libc.a
LOAD C:/applications/STM32CubeIDE_1.15.1/STM32CubeIDE/plugins/com.st.stm32cube.ide.mcu.externaltools.gnu-tools-for-stm32.12.3.rel1.win32_1.0.100.202403111256/tools/bin/../lib/gcc/arm-none-eabi/12.3.1/../../../../arm-none-eabi/lib/thumb/v7e-m+fp/hard\libm.a
LOAD C:/applications/STM32CubeIDE_1.15.1/STM32CubeIDE/plugins/com.st.stm32cube.ide.mcu.externaltools.gnu-tools-for-stm32.12.3.rel1.win32_1.0.100.202403111256/tools/bin/../lib/gcc/arm-none-eabi/12.3.1/thumb/v7e-m+fp/hard\libgcc.a

.debug_info     0x00000000     0xf1cb
 .debug_info    0x00000000     0x26e3 ./Core/Src/main.o
 .debug_info    0x000026e3     0x1127 ./Core/Src/motor.o
 .debug_info    0x0000380a     0x14e5 ./Core/Src/stm32f4xx_hal_msp.o
 .debug_info    0x00004cef      0xbd3 ./Core/Src/stm32f4xx_it.o
 .debug_info    0x000058c2      0x54a ./Core/Src/system_stm32f4xx.o
 .debug_info    0x00005e0c       0x30 ./Core/Startup/startup_stm32f446vetx.o
 .debug_info    0x00005e3c      0x99a ./Drivers/STM32F4xx_HAL_Driver/Src/stm32f4xx_hal.o
 .debug_info    0x000067d6      0xf44 ./Drivers/STM32F4xx_HAL_Driver/Src/stm32f4xx_hal_can.o
 .debug_info    0x0000771a      0xdaa ./Drivers/STM32F4xx_HAL_Driver/Src/stm32f4xx_hal_cortex.o
 .debug_info    0x000084c4      0x70b ./Drivers/STM32F4xx_HAL_Driver/Src/stm32f4xx_hal_gpio.o
 .debug_info    0x00008bcf      0x8ff ./Drivers/STM32F4xx_HAL_Driver/Src/stm32f4xx_hal_rcc.o
 .debug_info    0x000094ce      0x960 ./Drivers/STM32F4xx_HAL_Driver/Src/stm32f4xx_hal_rcc_ex.o
 .debug_info    0x00009e2e     0x1525 ./Drivers/STM32F4xx_HAL_Driver/Src/stm32f4xx_hal_spi.o
 .debug_info    0x0000b353     0x299d ./Drivers/STM32F4xx_HAL_Driver/Src/stm32f4xx_hal_tim.o
 .debug_info    0x0000dcf0     0x14db ./Drivers/STM32F4xx_HAL_Driver/Src/stm32f4xx_hal_tim_ex.o

.debug_abbrev   0x00000000     0x23df
 .debug_abbrev  0x00000000      0x4ef ./Core/Src/main.o
 .debug_abbrev  0x000004ef      0x378 ./Core/Src/motor.o
 .debug_abbrev  0x00000867      0x24f ./Core/Src/stm32f4xx_hal_msp.o
 .debug_abbrev  0x00000ab6      0x24f ./Core/Src/stm32f4xx_it.o
 .debug_abbrev  0x00000d05      0x11a ./Core/Src/system_stm32f4xx.o
 .debug_abbrev  0x00000e1f       0x24 ./Core/Startup/startup_stm32f446vetx.o
 .debug_abbrev  0x00000e43      0x214 ./Drivers/STM32F4xx_HAL_Driver/Src/stm32f4xx_hal.o
 .debug_abbrev  0x00001057      0x25a ./Drivers/STM32F4xx_HAL_Driver/Src/stm32f4xx_hal_can.o
 .debug_abbrev  0x000012b1      0x31d ./Drivers/STM32F4xx_HAL_Driver/Src/stm32f4xx_hal_cortex.o
 .debug_abbrev  0x000015ce      0x1d4 ./Drivers/STM32F4xx_HAL_Driver/Src/stm32f4xx_hal_gpio.o
 .debug_abbrev  0x000017a2      0x2b7 ./Drivers/STM32F4xx_HAL_Driver/Src/stm32f4xx_hal_rcc.o
 .debug_abbrev  0x00001a59      0x211 ./Drivers/STM32F4xx_HAL_Driver/Src/stm32f4xx_hal_rcc_ex.o
 .debug_abbrev  0x00001c6a      0x27a ./Drivers/STM32F4xx_HAL_Driver/Src/stm32f4xx_hal_spi.o
 .debug_abbrev  0x00001ee4      0x278 ./Drivers/STM32F4xx_HAL_Driver/Src/stm32f4xx_hal_tim.o
 .debug_abbrev  0x0000215c      0x283 ./Drivers/STM32F4xx_HAL_Driver/Src/stm32f4xx_hal_tim_ex.o

.debug_aranges  0x00000000      0xee8
 .debug_aranges
                0x00000000      0x140 ./Core/Src/main.o
 .debug_aranges
                0x00000140       0xb8 ./Core/Src/motor.o
 .debug_aranges
                0x000001f8       0x50 ./Core/Src/stm32f4xx_hal_msp.o
 .debug_aranges
                0x00000248       0x98 ./Core/Src/stm32f4xx_it.o
 .debug_aranges
                0x000002e0       0x28 ./Core/Src/system_stm32f4xx.o
 .debug_aranges
                0x00000308       0x28 ./Core/Startup/startup_stm32f446vetx.o
 .debug_aranges
                0x00000330       0xf0 ./Drivers/STM32F4xx_HAL_Driver/Src/stm32f4xx_hal.o
 .debug_aranges
                0x00000420      0x138 ./Drivers/STM32F4xx_HAL_Driver/Src/stm32f4xx_hal_can.o
 .debug_aranges
                0x00000558      0x130 ./Drivers/STM32F4xx_HAL_Driver/Src/stm32f4xx_hal_cortex.o
 .debug_aranges
                0x00000688       0x58 ./Drivers/STM32F4xx_HAL_Driver/Src/stm32f4xx_hal_gpio.o
 .debug_aranges
                0x000006e0       0x88 ./Drivers/STM32F4xx_HAL_Driver/Src/stm32f4xx_hal_rcc.o
 .debug_aranges
                0x00000768       0x78 ./Drivers/STM32F4xx_HAL_Driver/Src/stm32f4xx_hal_rcc_ex.o
 .debug_aranges
                0x000007e0      0x1d0 ./Drivers/STM32F4xx_HAL_Driver/Src/stm32f4xx_hal_spi.o
 .debug_aranges
                0x000009b0      0x3d0 ./Drivers/STM32F4xx_HAL_Driver/Src/stm32f4xx_hal_tim.o
 .debug_aranges
                0x00000d80      0x168 ./Drivers/STM32F4xx_HAL_Driver/Src/stm32f4xx_hal_tim_ex.o

.debug_rnglists
                0x00000000      0xb92
 .debug_rnglists
                0x00000000       0xfa ./Core/Src/main.o
 .debug_rnglists
                0x000000fa       0x8e ./Core/Src/motor.o
 .debug_rnglists
                0x00000188       0x3c ./Core/Src/stm32f4xx_hal_msp.o
 .debug_rnglists
                0x000001c4       0x6d ./Core/Src/stm32f4xx_it.o
 .debug_rnglists
                0x00000231       0x1a ./Core/Src/system_stm32f4xx.o
 .debug_rnglists
                0x0000024b       0x19 ./Core/Startup/startup_stm32f446vetx.o
 .debug_rnglists
                0x00000264       0xaf ./Drivers/STM32F4xx_HAL_Driver/Src/stm32f4xx_hal.o
 .debug_rnglists
                0x00000313       0xee ./Drivers/STM32F4xx_HAL_Driver/Src/stm32f4xx_hal_can.o
 .debug_rnglists
                0x00000401       0xe0 ./Drivers/STM32F4xx_HAL_Driver/Src/stm32f4xx_hal_cortex.o
 .debug_rnglists
                0x000004e1       0x3f ./Drivers/STM32F4xx_HAL_Driver/Src/stm32f4xx_hal_gpio.o
 .debug_rnglists
                0x00000520       0x66 ./Drivers/STM32F4xx_HAL_Driver/Src/stm32f4xx_hal_rcc.o
 .debug_rnglists
                0x00000586       0x5e ./Drivers/STM32F4xx_HAL_Driver/Src/stm32f4xx_hal_rcc_ex.o
 .debug_rnglists
                0x000005e4      0x16f ./Drivers/STM32F4xx_HAL_Driver/Src/stm32f4xx_hal_spi.o
 .debug_rnglists
                0x00000753      0x31a ./Drivers/STM32F4xx_HAL_Driver/Src/stm32f4xx_hal_tim.o
 .debug_rnglists
                0x00000a6d      0x125 ./Drivers/STM32F4xx_HAL_Driver/Src/stm32f4xx_hal_tim_ex.o

.debug_macro    0x00000000    0x22830
 .debug_macro   0x00000000      0x32a ./Core/Src/main.o
 .debug_macro   0x0000032a      0xab4 ./Core/Src/main.o
 .debug_macro   0x00000dde      0x2a1 ./Core/Src/main.o
 .debug_macro   0x0000107f       0x2e ./Core/Src/main.o
 .debug_macro   0x000010ad       0x28 ./Core/Src/main.o
 .debug_macro   0x000010d5       0x22 ./Core/Src/main.o
 .debug_macro   0x000010f7       0x8e ./Core/Src/main.o
 .debug_macro   0x00001185       0x51 ./Core/Src/main.o
 .debug_macro   0x000011d6      0x103 ./Core/Src/main.o
 .debug_macro   0x000012d9       0x6a ./Core/Src/main.o
 .debug_macro   0x00001343      0x1df ./Core/Src/main.o
 .debug_macro   0x00001522       0x1c ./Core/Src/main.o
 .debug_macro   0x0000153e       0x22 ./Core/Src/main.o
 .debug_macro   0x00001560       0xfb ./Core/Src/main.o
 .debug_macro   0x0000165b     0x1011 ./Core/Src/main.o
 .debug_macro   0x0000266c      0x11f ./Core/Src/main.o
 .debug_macro   0x0000278b    0x1675e ./Core/Src/main.o
 .debug_macro   0x00018ee9       0x6d ./Core/Src/main.o
 .debug_macro   0x00018f56     0x3693 ./Core/Src/main.o
 .debug_macro   0x0001c5e9      0x189 ./Core/Src/main.o
 .debug_macro   0x0001c772       0x5c ./Core/Src/main.o
 .debug_macro   0x0001c7ce      0xca5 ./Core/Src/main.o
 .debug_macro   0x0001d473      0x9e9 ./Core/Src/main.o
 .debug_macro   0x0001de5c      0x115 ./Core/Src/main.o
 .debug_macro   0x0001df71      0x1a0 ./Core/Src/main.o
 .debug_macro   0x0001e111       0xa5 ./Core/Src/main.o
 .debug_macro   0x0001e1b6      0x16d ./Core/Src/main.o
 .debug_macro   0x0001e323      0x287 ./Core/Src/main.o
 .debug_macro   0x0001e5aa       0x5f ./Core/Src/main.o
 .debug_macro   0x0001e609      0x236 ./Core/Src/main.o
 .debug_macro   0x0001e83f      0x40f ./Core/Src/main.o
 .debug_macro   0x0001ec4e      0x132 ./Core/Src/main.o
 .debug_macro   0x0001ed80      0x29c ./Core/Src/main.o
 .debug_macro   0x0001f01c       0x2e ./Core/Src/main.o
 .debug_macro   0x0001f04a      0x127 ./Core/Src/main.o
 .debug_macro   0x0001f171       0xe8 ./Core/Src/main.o
 .debug_macro   0x0001f259       0x89 ./Core/Src/main.o
 .debug_macro   0x0001f2e2      0x225 ./Core/Src/main.o
 .debug_macro   0x0001f507      0x8ed ./Core/Src/main.o
 .debug_macro   0x0001fdf4       0x53 ./Core/Src/main.o
 .debug_macro   0x0001fe47      0x126 ./Core/Src/main.o
 .debug_macro   0x0001ff6d      0x193 ./Core/Src/main.o
 .debug_macro   0x00020100       0x2a ./Core/Src/main.o
 .debug_macro   0x0002012a       0x61 ./Core/Src/main.o
 .debug_macro   0x0002018b       0x43 ./Core/Src/main.o
 .debug_macro   0x000201ce       0x34 ./Core/Src/main.o
 .debug_macro   0x00020202       0x16 ./Core/Src/main.o
 .debug_macro   0x00020218       0x35 ./Core/Src/main.o
 .debug_macro   0x0002024d       0x16 ./Core/Src/main.o
 .debug_macro   0x00020263       0x43 ./Core/Src/main.o
 .debug_macro   0x000202a6       0x34 ./Core/Src/main.o
 .debug_macro   0x000202da       0x10 ./Core/Src/main.o
 .debug_macro   0x000202ea       0x58 ./Core/Src/main.o
 .debug_macro   0x00020342       0x8e ./Core/Src/main.o
 .debug_macro   0x000203d0       0x1c ./Core/Src/main.o
 .debug_macro   0x000203ec      0x177 ./Core/Src/main.o
 .debug_macro   0x00020563      0x369 ./Core/Src/main.o
 .debug_macro   0x000208cc       0x16 ./Core/Src/main.o
 .debug_macro   0x000208e2       0x29 ./Core/Src/main.o
 .debug_macro   0x0002090b       0x1c ./Core/Src/main.o
 .debug_macro   0x00020927       0x10 ./Core/Src/main.o
 .debug_macro   0x00020937       0x1c ./Core/Src/main.o
 .debug_macro   0x00020953       0x16 ./Core/Src/main.o
 .debug_macro   0x00020969      0x146 ./Core/Src/main.o
 .debug_macro   0x00020aaf       0x16 ./Core/Src/main.o
 .debug_macro   0x00020ac5       0x20 ./Core/Src/main.o
 .debug_macro   0x00020ae5      0x1a2 ./Core/Src/main.o
 .debug_macro   0x00020c87      0x2f3 ./Core/Src/motor.o
 .debug_macro   0x00020f7a      0x199 ./Core/Src/motor.o
 .debug_macro   0x00021113       0x16 ./Core/Src/motor.o
 .debug_macro   0x00021129       0x16 ./Core/Src/motor.o
 .debug_macro   0x0002113f      0x1e7 ./Core/Src/stm32f4xx_hal_msp.o
 .debug_macro   0x00021326      0x1f1 ./Core/Src/stm32f4xx_it.o
 .debug_macro   0x00021517      0x1d8 ./Core/Src/system_stm32f4xx.o
 .debug_macro   0x000216ef      0x238 ./Drivers/STM32F4xx_HAL_Driver/Src/stm32f4xx_hal.o
 .debug_macro   0x00021927      0x1e7 ./Drivers/STM32F4xx_HAL_Driver/Src/stm32f4xx_hal_can.o
 .debug_macro   0x00021b0e      0x1d8 ./Drivers/STM32F4xx_HAL_Driver/Src/stm32f4xx_hal_cortex.o
 .debug_macro   0x00021ce6      0x1de ./Drivers/STM32F4xx_HAL_Driver/Src/stm32f4xx_hal_gpio.o
 .debug_macro   0x00021ec4      0x1fc ./Drivers/STM32F4xx_HAL_Driver/Src/stm32f4xx_hal_rcc.o
 .debug_macro   0x000220c0      0x1d8 ./Drivers/STM32F4xx_HAL_Driver/Src/stm32f4xx_hal_rcc_ex.o
 .debug_macro   0x00022298      0x1e7 ./Drivers/STM32F4xx_HAL_Driver/Src/stm32f4xx_hal_spi.o
 .debug_macro   0x0002247f      0x1d9 ./Drivers/STM32F4xx_HAL_Driver/Src/stm32f4xx_hal_tim.o
 .debug_macro   0x00022658      0x1d8 ./Drivers/STM32F4xx_HAL_Driver/Src/stm32f4xx_hal_tim_ex.o

.debug_line     0x00000000    0x1047d
 .debug_line    0x00000000     0x13ef ./Core/Src/main.o
 .debug_line    0x000013ef      0xf2d ./Core/Src/motor.o
 .debug_line    0x0000231c      0x937 ./Core/Src/stm32f4xx_hal_msp.o
 .debug_line    0x00002c53      0x8d0 ./Core/Src/stm32f4xx_it.o
 .debug_line    0x00003523      0x7e1 ./Core/Src/system_stm32f4xx.o
 .debug_line    0x00003d04       0x7a ./Core/Startup/startup_stm32f446vetx.o
 .debug_line    0x00003d7e      0xa4a ./Drivers/STM32F4xx_HAL_Driver/Src/stm32f4xx_hal.o
 .debug_line    0x000047c8     0x11f6 ./Drivers/STM32F4xx_HAL_Driver/Src/stm32f4xx_hal_can.o
 .debug_line    0x000059be      0xd3c ./Drivers/STM32F4xx_HAL_Driver/Src/stm32f4xx_hal_cortex.o
 .debug_line    0x000066fa      0xbc2 ./Drivers/STM32F4xx_HAL_Driver/Src/stm32f4xx_hal_gpio.o
 .debug_line    0x000072bc      0xddf ./Drivers/STM32F4xx_HAL_Driver/Src/stm32f4xx_hal_rcc.o
 .debug_line    0x0000809b     0x144e ./Drivers/STM32F4xx_HAL_Driver/Src/stm32f4xx_hal_rcc_ex.o
 .debug_line    0x000094e9     0x1d6e ./Drivers/STM32F4xx_HAL_Driver/Src/stm32f4xx_hal_spi.o
 .debug_line    0x0000b257     0x37e6 ./Drivers/STM32F4xx_HAL_Driver/Src/stm32f4xx_hal_tim.o
 .debug_line    0x0000ea3d     0x1a40 ./Drivers/STM32F4xx_HAL_Driver/Src/stm32f4xx_hal_tim_ex.o

.debug_str      0x00000000    0xd401c
 .debug_str     0x00000000    0xd0eb1 ./Core/Src/main.o
                              0xd130e (size before relaxing)
 .debug_str     0x000d0eb1      0x395 ./Core/Src/motor.o
                              0xcf5a6 (size before relaxing)
 .debug_str     0x000d1246       0xca ./Core/Src/stm32f4xx_hal_msp.o
                              0xcc55a (size before relaxing)
 .debug_str     0x000d1310      0x190 ./Core/Src/stm32f4xx_it.o
                              0xcbdd2 (size before relaxing)
 .debug_str     0x000d14a0       0xdb ./Core/Src/system_stm32f4xx.o
                              0xcb0f2 (size before relaxing)
 .debug_str     0x000d157b       0x44 ./Core/Startup/startup_stm32f446vetx.o
                                 0x70 (size before relaxing)
 .debug_str     0x000d15bf      0x603 ./Drivers/STM32F4xx_HAL_Driver/Src/stm32f4xx_hal.o
                              0xcbcb7 (size before relaxing)
 .debug_str     0x000d1bc2      0x34a ./Drivers/STM32F4xx_HAL_Driver/Src/stm32f4xx_hal_can.o
                              0xcb7c7 (size before relaxing)
 .debug_str     0x000d1f0c      0x358 ./Drivers/STM32F4xx_HAL_Driver/Src/stm32f4xx_hal_cortex.o
                              0xcba0e (size before relaxing)
 .debug_str     0x000d2264       0xc4 ./Drivers/STM32F4xx_HAL_Driver/Src/stm32f4xx_hal_gpio.o
                              0xcb26d (size before relaxing)
 .debug_str     0x000d2328      0x233 ./Drivers/STM32F4xx_HAL_Driver/Src/stm32f4xx_hal_rcc.o
                              0xcb52b (size before relaxing)
 .debug_str     0x000d255b      0x324 ./Drivers/STM32F4xx_HAL_Driver/Src/stm32f4xx_hal_rcc_ex.o
                              0xcb55e (size before relaxing)
 .debug_str     0x000d287f      0x564 ./Drivers/STM32F4xx_HAL_Driver/Src/stm32f4xx_hal_spi.o
                              0xcb98b (size before relaxing)
 .debug_str     0x000d2de3      0xda6 ./Drivers/STM32F4xx_HAL_Driver/Src/stm32f4xx_hal_tim.o
                              0xcc457 (size before relaxing)
 .debug_str     0x000d3b89      0x493 ./Drivers/STM32F4xx_HAL_Driver/Src/stm32f4xx_hal_tim_ex.o
                              0xcbc63 (size before relaxing)

.comment        0x00000000       0x43
 .comment       0x00000000       0x43 ./Core/Src/main.o
                                 0x44 (size before relaxing)
 .comment       0x00000043       0x44 ./Core/Src/motor.o
 .comment       0x00000043       0x44 ./Core/Src/stm32f4xx_hal_msp.o
 .comment       0x00000043       0x44 ./Core/Src/stm32f4xx_it.o
 .comment       0x00000043       0x44 ./Core/Src/system_stm32f4xx.o
 .comment       0x00000043       0x44 ./Drivers/STM32F4xx_HAL_Driver/Src/stm32f4xx_hal.o
 .comment       0x00000043       0x44 ./Drivers/STM32F4xx_HAL_Driver/Src/stm32f4xx_hal_can.o
 .comment       0x00000043       0x44 ./Drivers/STM32F4xx_HAL_Driver/Src/stm32f4xx_hal_cortex.o
 .comment       0x00000043       0x44 ./Drivers/STM32F4xx_HAL_Driver/Src/stm32f4xx_hal_gpio.o
 .comment       0x00000043       0x44 ./Drivers/STM32F4xx_HAL_Driver/Src/stm32f4xx_hal_rcc.o
 .comment       0x00000043       0x44 ./Drivers/STM32F4xx_HAL_Driver/Src/stm32f4xx_hal_rcc_ex.o
 .comment       0x00000043       0x44 ./Drivers/STM32F4xx_HAL_Driver/Src/stm32f4xx_hal_spi.o
 .comment       0x00000043       0x44 ./Drivers/STM32F4xx_HAL_Driver/Src/stm32f4xx_hal_tim.o
 .comment       0x00000043       0x44 ./Drivers/STM32F4xx_HAL_Driver/Src/stm32f4xx_hal_tim_ex.o

.debug_frame    0x00000000     0x3f2c
 .debug_frame   0x00000000      0x510 ./Core/Src/main.o
 .debug_frame   0x00000510      0x2e0 ./Core/Src/motor.o
 .debug_frame   0x000007f0      0x10c ./Core/Src/stm32f4xx_hal_msp.o
 .debug_frame   0x000008fc      0x1c8 ./Core/Src/stm32f4xx_it.o
 .debug_frame   0x00000ac4       0x58 ./Core/Src/system_stm32f4xx.o
 .debug_frame   0x00000b1c      0x374 ./Drivers/STM32F4xx_HAL_Driver/Src/stm32f4xx_hal.o
 .debug_frame   0x00000e90      0x5a0 ./Drivers/STM32F4xx_HAL_Driver/Src/stm32f4xx_hal_can.o
 .debug_frame   0x00001430      0x508 ./Drivers/STM32F4xx_HAL_Driver/Src/stm32f4xx_hal_cortex.o
 .debug_frame   0x00001938      0x14c ./Drivers/STM32F4xx_HAL_Driver/Src/stm32f4xx_hal_gpio.o
 .debug_frame   0x00001a84      0x1f4 ./Drivers/STM32F4xx_HAL_Driver/Src/stm32f4xx_hal_rcc.o
 .debug_frame   0x00001c78      0x1e8 ./Drivers/STM32F4xx_HAL_Driver/Src/stm32f4xx_hal_rcc_ex.o
 .debug_frame   0x00001e60      0x828 ./Drivers/STM32F4xx_HAL_Driver/Src/stm32f4xx_hal_spi.o
 .debug_frame   0x00002688     0x11c0 ./Drivers/STM32F4xx_HAL_Driver/Src/stm32f4xx_hal_tim.o
 .debug_frame   0x00003848      0x638 ./Drivers/STM32F4xx_HAL_Driver/Src/stm32f4xx_hal_tim_ex.o
 .debug_frame   0x00003e80       0x20 C:/applications/STM32CubeIDE_1.15.1/STM32CubeIDE/plugins/com.st.stm32cube.ide.mcu.externaltools.gnu-tools-for-stm32.12.3.rel1.win32_1.0.100.202403111256/tools/bin/../lib/gcc/arm-none-eabi/12.3.1/../../../../arm-none-eabi/lib/thumb/v7e-m+fp/hard\libc_nano.a(libc_a-memset.o)
 .debug_frame   0x00003ea0       0x2c C:/applications/STM32CubeIDE_1.15.1/STM32CubeIDE/plugins/com.st.stm32cube.ide.mcu.externaltools.gnu-tools-for-stm32.12.3.rel1.win32_1.0.100.202403111256/tools/bin/../lib/gcc/arm-none-eabi/12.3.1/../../../../arm-none-eabi/lib/thumb/v7e-m+fp/hard\libc_nano.a(libc_a-init.o)
 .debug_frame   0x00003ecc       0x2c C:/applications/STM32CubeIDE_1.15.1/STM32CubeIDE/plugins/com.st.stm32cube.ide.mcu.externaltools.gnu-tools-for-stm32.12.3.rel1.win32_1.0.100.202403111256/tools/bin/../lib/gcc/arm-none-eabi/12.3.1/thumb/v7e-m+fp/hard\libgcc.a(_aeabi_uldivmod.o)
 .debug_frame   0x00003ef8       0x34 C:/applications/STM32CubeIDE_1.15.1/STM32CubeIDE/plugins/com.st.stm32cube.ide.mcu.externaltools.gnu-tools-for-stm32.12.3.rel1.win32_1.0.100.202403111256/tools/bin/../lib/gcc/arm-none-eabi/12.3.1/thumb/v7e-m+fp/hard\libgcc.a(_udivmoddi4.o)

.debug_line_str
                0x00000000       0x54
 .debug_line_str
                0x00000000       0x54 ./Core/Startup/startup_stm32f446vetx.o
