../Core/Src/main.c:173:6:ExecuteStateMachine	8	static
../Core/Src/main.c:255:10:DoStateInit	8	static
../Core/Src/main.c:295:10:DoStateAssessPushButtons	8	static
../Core/Src/main.c:333:10:DoStatePitchControl	4	static
../Core/Src/main.c:338:10:DoStateMastControl	4	static
../Core/Src/main.c:346:10:DoStateCAN	24	static
../Core/Src/main.c:388:10:DoStateROPS	8	static
../Core/Src/main.c:428:10:DoStateEmergencyStop	4	static
../Core/Src/main.c:436:6:DoStateError	8	static
../Core/Src/main.c:442:6:SetMotorMode	24	static
../Core/Src/main.c:464:6:SetMotorDirection	24	static
../Core/Src/main.c:490:6:ProcessCanMessage	16	static
../Core/Src/main.c:595:6:CAN_ReceiveFifoCallback	24	static
../Core/Src/main.c:607:6:HAL_CAN_RxFifo0MsgPendingCallback	16	static
../Core/Src/main.c:612:6:HAL_CAN_RxFifo1MsgPendingCallback	16	static
../Core/Src/main.c:617:19:TransmitCAN	40	static
../Core/Src/main.c:673:5:main	8	static
../Core/Src/main.c:724:6:SystemClock_Config	88	static
../Core/Src/main.c:769:13:MX_CAN1_Init	88	static
../Core/Src/main.c:897:13:MX_SPI1_Init	8	static
../Core/Src/main.c:933:13:MX_TIM2_Init	32	static
../Core/Src/main.c:976:13:MX_TIM3_Init	32	static
../Core/Src/main.c:1017:13:MX_TIM4_Init	32	static
../Core/Src/main.c:1058:13:MX_GPIO_Init	48	static
../Core/Src/main.c:1155:6:HAL_GPIO_EXTI_Callback	16	static
../Core/Src/main.c:1180:6:Error_Handler	4	static,ignoring_inline_asm
