../Core/Src/main.c:190:6:delay_us	16	static
../Core/Src/main.c:196:6:delay_ms	16	static
../Core/Src/main.c:211:6:ExecuteStateMachine	8	static
../Core/Src/main.c:309:10:DoStateInit	8	static
../Core/Src/main.c:378:10:DoStateAssessPushButtons	8	static
../Core/Src/main.c:418:9:CheckEnableDisableMotor	16	static
../Core/Src/main.c:458:9:CheckChangeDirectionMotor	16	static
../Core/Src/main.c:480:10:DoStatePitchControl	4	static
../Core/Src/main.c:578:10:DoStateMastControl	4	static
../Core/Src/main.c:673:10:DoStateCAN	24	static
../Core/Src/main.c:713:10:DoStateROPS	8	static
../Core/Src/main.c:753:10:DoStateEmergencyStop	4	static
../Core/Src/main.c:763:6:DoStateError	8	static
../Core/Src/main.c:770:6:SetMotorMode	24	static
../Core/Src/main.c:797:6:SetMotorDirection	24	static
../Core/Src/main.c:824:6:ProcessCanMessage	16	static
../Core/Src/main.c:948:6:CAN_ReceiveFifoCallback	24	static
../Core/Src/main.c:963:6:HAL_CAN_RxFifo0MsgPendingCallback	16	static
../Core/Src/main.c:969:6:HAL_CAN_RxFifo1MsgPendingCallback	16	static
../Core/Src/main.c:977:6:HAL_CAN_RxFifo0FullCallback	16	static
../Core/Src/main.c:983:6:HAL_CAN_RxFifo1FullCallback	16	static
../Core/Src/main.c:989:6:HAL_CAN_ErrorCallback	16	static
../Core/Src/main.c:996:19:TransmitCAN	40	static
../Core/Src/main.c:1058:5:main	8	static
../Core/Src/main.c:1117:6:SystemClock_Config	88	static
../Core/Src/main.c:1165:13:MX_CAN1_Init	88	static
../Core/Src/main.c:1304:13:MX_SPI1_Init	8	static
../Core/Src/main.c:1342:13:MX_TIM1_Init	32	static
../Core/Src/main.c:1390:13:MX_TIM2_Init	32	static
../Core/Src/main.c:1435:13:MX_TIM4_Init	32	static
../Core/Src/main.c:1480:13:MX_TIM5_Init	32	static
../Core/Src/main.c:1527:13:MX_TIM6_Init	16	static
../Core/Src/main.c:1565:13:MX_TIM7_Init	16	static
../Core/Src/main.c:1603:13:MX_GPIO_Init	48	static
../Core/Src/main.c:1692:6:HAL_GPIO_EXTI_Callback	16	static
../Core/Src/main.c:1718:6:Error_Handler	4	static,ignoring_inline_asm
