../Core/Src/main.c:79:5:main	8	static
../Core/Src/main.c:129:6:SystemClock_Config	88	static
../Core/Src/main.c:177:13:MX_CAN1_Init	88	static
../Core/Src/main.c:286:13:MX_SPI1_Init	8	static
../Core/Src/main.c:324:13:MX_TIM1_Init	80	static
../Core/Src/main.c:389:13:MX_TIM2_Init	32	static
../Core/Src/main.c:436:13:MX_TIM3_Init	32	static
../Core/Src/main.c:483:13:MX_GPIO_Init	48	static
../Core/Src/main.c:587:6:CAN_ReceiveFifoCallback	24	static
../Core/Src/main.c:602:6:HAL_CAN_RxFifo0MsgPendingCallback	16	static
../Core/Src/main.c:608:6:HAL_CAN_RxFifo1MsgPendingCallback	16	static
../Core/Src/main.c:616:6:HAL_CAN_RxFifo0FullCallback	16	static
../Core/Src/main.c:622:6:HAL_CAN_RxFifo1FullCallback	16	static
../Core/Src/main.c:628:6:HAL_CAN_ErrorCallback	16	static
../Core/Src/main.c:640:6:Error_Handler	4	static,ignoring_inline_asm
