../Core/Src/main.c:200:6:delay_us	16	static
../Core/Src/main.c:206:6:delay_ms	16	static
../Core/Src/main.c:221:6:ExecuteStateMachine	24	static
../Core/Src/main.c:312:10:DoStateInit	16	static
../Core/Src/main.c:382:10:DoStateAssessPushButtons	8	static
../Core/Src/main.c:422:9:CheckEnableDisableMotor	16	static
../Core/Src/main.c:462:9:CheckChangeDirectionMotor	16	static
../Core/Src/main.c:484:10:DoStatePitchControl	16	static
../Core/Src/main.c:580:10:DoStateMastControl	16	static
../Core/Src/main.c:673:10:DoStateCAN	24	static
../Core/Src/main.c:713:10:DoStateROPS	8	static
../Core/Src/main.c:753:10:DoStateEmergencyStop	4	static
../Core/Src/main.c:763:6:DoStateError	8	static
../Core/Src/main.c:770:6:SetMotorMode	24	static
../Core/Src/main.c:797:6:SetMotorDirection	24	static
../Core/Src/main.c:824:6:ProcessCanMessage	16	static
../Core/Src/main.c:948:6:CAN_ReceiveFifoCallback	24	static
../Core/Src/main.c:963:6:HAL_CAN_RxFifo0MsgPendingCallback	16	static
../Core/Src/main.c:969:6:HAL_CAN_RxFifo1MsgPendingCallback	16	static
../Core/Src/main.c:977:6:HAL_CAN_RxFifo0FullCallback	16	static
../Core/Src/main.c:983:6:HAL_CAN_RxFifo1FullCallback	16	static
../Core/Src/main.c:989:6:HAL_CAN_ErrorCallback	16	static
../Core/Src/main.c:996:19:TransmitCAN	40	static
../Core/Src/main.c:1058:5:main	8	static
../Core/Src/main.c:1120:6:SystemClock_Config	88	static
../Core/Src/main.c:1166:13:MX_CAN1_Init	88	static
../Core/Src/main.c:1305:13:MX_I2C1_Init	8	static
../Core/Src/main.c:1339:13:MX_I2C3_Init	8	static
../Core/Src/main.c:1373:13:MX_SPI1_Init	8	static
../Core/Src/main.c:1411:13:MX_TIM1_Init	96	static
../Core/Src/main.c:1488:13:MX_TIM2_Init	64	static
../Core/Src/main.c:1547:13:MX_TIM3_Init	64	static
../Core/Src/main.c:1606:13:MX_TIM4_Init	32	static
../Core/Src/main.c:1651:13:MX_TIM5_Init	32	static
../Core/Src/main.c:1698:13:MX_TIM6_Init	16	static
../Core/Src/main.c:1736:13:MX_TIM7_Init	16	static
../Core/Src/main.c:1774:13:MX_USART2_UART_Init	8	static
../Core/Src/main.c:1807:13:MX_GPIO_Init	48	static
../Core/Src/main.c:1884:6:HAL_GPIO_EXTI_Callback	16	static
../Core/Src/main.c:1910:6:Error_Handler	4	static,ignoring_inline_asm
