../Core/Src/main.c:200:6:delay_us	16	static
../Core/Src/main.c:206:6:delay_ms	16	static
../Core/Src/main.c:221:6:ExecuteStateMachine	8	static
../Core/Src/main.c:302:10:DoStateInit	16	static
../Core/Src/main.c:372:10:DoStateAssessPushButtons	4	static
../Core/Src/main.c:392:9:CheckEnableDisableMotor	16	static
../Core/Src/main.c:432:9:CheckChangeDirectionMotor	16	static
../Core/Src/main.c:454:10:DoStatePitchControl	16	static
../Core/Src/main.c:547:10:DoStateMastControl	16	static
../Core/Src/main.c:640:10:DoStateCAN	24	static
../Core/Src/main.c:676:10:DoStateROPS	8	static
../Core/Src/main.c:716:10:DoStateEmergencyStop	4	static
../Core/Src/main.c:726:6:DoStateError	8	static
../Core/Src/main.c:733:6:SetMotorMode	24	static
../Core/Src/main.c:760:6:SetMotorDirection	24	static
../Core/Src/main.c:787:6:ProcessCanMessage	16	static
../Core/Src/main.c:902:6:CAN_ReceiveFifoCallback	24	static
../Core/Src/main.c:917:6:HAL_CAN_RxFifo0MsgPendingCallback	16	static
../Core/Src/main.c:923:6:HAL_CAN_RxFifo1MsgPendingCallback	16	static
../Core/Src/main.c:931:6:HAL_CAN_RxFifo0FullCallback	16	static
../Core/Src/main.c:937:6:HAL_CAN_RxFifo1FullCallback	16	static
../Core/Src/main.c:943:6:HAL_CAN_ErrorCallback	16	static
../Core/Src/main.c:950:19:TransmitCAN	48	static
../Core/Src/main.c:1012:5:main	8	static
../Core/Src/main.c:1074:6:SystemClock_Config	88	static
../Core/Src/main.c:1120:13:MX_CAN1_Init	88	static
../Core/Src/main.c:1259:13:MX_I2C1_Init	8	static
../Core/Src/main.c:1293:13:MX_I2C3_Init	8	static
../Core/Src/main.c:1327:13:MX_SPI1_Init	8	static
../Core/Src/main.c:1365:13:MX_TIM1_Init	96	static
../Core/Src/main.c:1442:13:MX_TIM2_Init	64	static
../Core/Src/main.c:1501:13:MX_TIM3_Init	64	static
../Core/Src/main.c:1560:13:MX_TIM4_Init	32	static
../Core/Src/main.c:1605:13:MX_TIM5_Init	32	static
../Core/Src/main.c:1652:13:MX_TIM6_Init	16	static
../Core/Src/main.c:1690:13:MX_TIM7_Init	16	static
../Core/Src/main.c:1728:13:MX_USART2_UART_Init	8	static
../Core/Src/main.c:1761:13:MX_GPIO_Init	48	static
../Core/Src/main.c:1838:6:HAL_GPIO_EXTI_Callback	16	static
../Core/Src/main.c:1864:6:Error_Handler	4	static,ignoring_inline_asm
