../Core/Src/motor.c:186:6:InitDrives	8	static
../Core/Src/motor.c:193:6:InitDriveMotor	16	static
../Core/Src/motor.c:225:6:SendDriveRegisters	24	static
../Core/Src/motor.c:233:6:ReadAndVerifyDriveRegisters	24	static
../Core/Src/motor.c:247:10:WriteSPI	24	static
../Core/Src/motor.c:268:6:TransmitSPI	24	static
../Core/Src/motor.c:290:10:ReadSPI	24	static
../Core/Src/motor.c:307:10:TransmitReceiveSPI	40	static
../Core/Src/motor.c:353:6:SelectDriveCS	24	static
../Core/Src/motor.c:367:6:UnselectDriveCS	16	static
../Core/Src/motor.c:375:10:ReadRegConfig	24	static
../Core/Src/motor.c:450:9:CheckDriveStatusRegister	24	static
../Core/Src/motor.c:465:6:ResetDriveStatusRegister	16	static
../Core/Src/motor.c:469:6:EnableDrive	24	static
../Core/Src/motor.c:485:6:DisableDrive	24	static
../Core/Src/motor.c:502:6:StepDrive	16	static
../Core/Src/motor.c:516:6:DirectionDrive	24	static
../Core/Src/motor.c:547:6:StepFunction	8	static
../Core/Src/motor.c:576:6:InitRegValuesStepper	16	static
