../Core/Src/motor.c:182:6:InitDrives	8	static
../Core/Src/motor.c:199:6:InitDriveMotor	16	static
../Core/Src/motor.c:228:6:SendDriveRegisters	24	static
../Core/Src/motor.c:235:6:ReadAndVerifyDriveRegisters	24	static
../Core/Src/motor.c:258:6:WriteSPI	24	static
../Core/Src/motor.c:270:10:ReadSPI	24	static
../Core/Src/motor.c:279:6:TransmitSPI	24	static
../Core/Src/motor.c:299:10:TransmitReceiveSPI	40	static
../Core/Src/motor.c:338:6:SelectDriveCS	24	static
../Core/Src/motor.c:352:6:UnselectDriveCS	16	static
../Core/Src/motor.c:360:10:ReadRegConfig	24	static
../Core/Src/motor.c:434:6:CheckDriveStatusRegister	24	static
../Core/Src/motor.c:449:6:EnableDrive	16	static
../Core/Src/motor.c:465:6:DisableDrive	16	static
../Core/Src/motor.c:481:6:ResetDrive	16	static
../Core/Src/motor.c:489:6:DriveSleep	16	static
../Core/Src/motor.c:495:6:DriveWakeUp	16	static
../Core/Src/motor.c:501:10:IsDriveAwake	16	static
../Core/Src/motor.c:505:6:SetDirection	24	static
../Core/Src/motor.c:511:6:EnableDriveIndexer	16	static
../Core/Src/motor.c:527:6:better_step_function	4	static
../Core/Src/motor.c:558:6:EnableDriveExternalPWM	16	static
../Core/Src/motor.c:568:6:DEBUG_SPI	24	static
../Core/Src/motor.c:583:6:DEBUG_SPI_CHATGPT	40	static
../Core/Src/motor.c:630:6:InitRegValuesStepperDefault	16	static
../Core/Src/motor.c:758:6:InitRegValuesStepper	16	static
