../Core/Src/motor.c:95:6:InitDrives	24	static
../Core/Src/motor.c:144:6:TransmitMotorSPI	24	static
../Core/Src/motor.c:171:6:DEBUG_SPI	24	static
../Core/Src/motor.c:188:6:DEBUG_SPI_CHATGPT	40	static
../Core/Src/motor.c:231:10:ReceiveMotorSPI	24	static
../Core/Src/motor.c:250:6:SendDriveRegisters	24	static
../Core/Src/motor.c:269:6:InitRegValues	16	static
../Core/Src/motor.c:313:6:InitRegValuesPWM	16	static
../Core/Src/motor.c:359:6:InitRegValues2	16	static
../Core/Src/motor.c:415:6:InitDriveMotor	16	static
../Core/Src/motor.c:446:6:EnableDrive	16	static
../Core/Src/motor.c:458:6:DisableDrive	16	static
../Core/Src/motor.c:470:6:ResetStatusRegisters	16	static
../Core/Src/motor.c:483:6:SendConfigRegisters	16	static
../Core/Src/motor.c:496:6:ResetDrive	16	static
../Core/Src/motor.c:505:6:DriveSleep	16	static
../Core/Src/motor.c:512:6:DriveWakeUp	16	static
../Core/Src/motor.c:519:10:IsDriveAwake	16	static
../Core/Src/motor.c:524:6:SetDirection	24	static
../Core/Src/motor.c:531:6:EnableDriveIndexer	16	static
../Core/Src/motor.c:542:6:EnableDriveExternalPWM	16	static
../Core/Src/motor.c:559:6:better_step_function	8	static
../Core/Src/motor.c:589:6:SetDutyCycle	48	static
../Core/Src/motor.c:607:6:DriveMastRight	8	static
../Core/Src/motor.c:615:6:DriveMastLeft	8	static
../Core/Src/motor.c:623:6:DriveMastStop	8	static
