../Core/Src/motor.c:95:6:InitDrives	24	static
../Core/Src/motor.c:144:6:TransmitMotorSPI	24	static
../Core/Src/motor.c:171:6:DEBUG_SPI	24	static
../Core/Src/motor.c:188:10:ReceiveMotorSPI	24	static
../Core/Src/motor.c:207:6:SendDriveRegisters	24	static
../Core/Src/motor.c:226:6:InitRegValues	16	static
../Core/Src/motor.c:270:6:InitRegValuesPWM	16	static
../Core/Src/motor.c:316:6:InitRegValues2	16	static
../Core/Src/motor.c:372:6:InitDriveMotor	16	static
../Core/Src/motor.c:403:6:EnableDrive	16	static
../Core/Src/motor.c:415:6:DisableDrive	16	static
../Core/Src/motor.c:427:6:ResetStatusRegisters	16	static
../Core/Src/motor.c:440:6:SendConfigRegisters	16	static
../Core/Src/motor.c:453:6:ResetDrive	16	static
../Core/Src/motor.c:462:6:DriveSleep	16	static
../Core/Src/motor.c:469:6:DriveWakeUp	16	static
../Core/Src/motor.c:476:10:IsDriveAwake	16	static
../Core/Src/motor.c:481:6:SetDirection	24	static
../Core/Src/motor.c:488:6:EnableDriveIndexer	16	static
../Core/Src/motor.c:499:6:EnableDriveExternalPWM	16	static
../Core/Src/motor.c:516:6:better_step_function	8	static
../Core/Src/motor.c:546:6:SetDutyCycle	48	static
../Core/Src/motor.c:564:6:DriveMastRight	8	static
../Core/Src/motor.c:572:6:DriveMastLeft	8	static
../Core/Src/motor.c:580:6:DriveMastStop	8	static
