../Core/Src/motor.c:182:6:InitDrives	8	static
../Core/Src/motor.c:199:6:InitDriveMotor	16	static
../Core/Src/motor.c:233:6:SendDriveRegisters	24	static
../Core/Src/motor.c:241:6:ReadAndVerifyDriveRegisters	24	static
../Core/Src/motor.c:264:6:WriteSPI	24	static
../Core/Src/motor.c:274:10:ReadSPI	24	static
../Core/Src/motor.c:283:6:TransmitSPI	24	static
../Core/Src/motor.c:303:10:TransmitReceiveSPI	40	static
../Core/Src/motor.c:345:6:SelectDriveCS	24	static
../Core/Src/motor.c:359:6:UnselectDriveCS	16	static
../Core/Src/motor.c:367:10:ReadRegConfig	24	static
../Core/Src/motor.c:441:10:CheckDriveStatusRegister	24	static
../Core/Src/motor.c:455:6:EnableDrive	24	static
../Core/Src/motor.c:476:6:DisableDrive	24	static
../Core/Src/motor.c:497:6:StepDrive	24	static
../Core/Src/motor.c:512:6:DirectionDrive	24	static
../Core/Src/motor.c:537:6:ResetDrive	16	static
../Core/Src/motor.c:552:6:better_step_function	8	static
../Core/Src/motor.c:608:6:InitRegValuesStepperDefault	16	static
../Core/Src/motor.c:736:6:InitRegValuesStepper	16	static
